Archive member included to satisfy reference by file (symbol)

app/libapp.a(main.c.obj)      (--whole-archive)
zephyr/libzephyr.a(cbprintf.c.obj)
                              (--whole-archive)
zephyr/libzephyr.a(cbprintf_packaged.c.obj)
                              (--whole-archive)
zephyr/libzephyr.a(crc32c_sw.c.obj)
                              (--whole-archive)
zephyr/libzephyr.a(crc32_sw.c.obj)
                              (--whole-archive)
zephyr/libzephyr.a(crc16_sw.c.obj)
                              (--whole-archive)
zephyr/libzephyr.a(crc8_sw.c.obj)
                              (--whole-archive)
zephyr/libzephyr.a(crc7_sw.c.obj)
                              (--whole-archive)
zephyr/libzephyr.a(dec.c.obj)
                              (--whole-archive)
zephyr/libzephyr.a(fdtable.c.obj)
                              (--whole-archive)
zephyr/libzephyr.a(hex.c.obj)
                              (--whole-archive)
zephyr/libzephyr.a(notify.c.obj)
                              (--whole-archive)
zephyr/libzephyr.a(printk.c.obj)
                              (--whole-archive)
zephyr/libzephyr.a(onoff.c.obj)
                              (--whole-archive)
zephyr/libzephyr.a(rb.c.obj)  (--whole-archive)
zephyr/libzephyr.a(sem.c.obj)
                              (--whole-archive)
zephyr/libzephyr.a(thread_entry.c.obj)
                              (--whole-archive)
zephyr/libzephyr.a(timeutil.c.obj)
                              (--whole-archive)
zephyr/libzephyr.a(heap.c.obj)
                              (--whole-archive)
zephyr/libzephyr.a(heap-validate.c.obj)
                              (--whole-archive)
zephyr/libzephyr.a(bitarray.c.obj)
                              (--whole-archive)
zephyr/libzephyr.a(cbprintf_complete.c.obj)
                              (--whole-archive)
zephyr/libzephyr.a(reboot.c.obj)
                              (--whole-archive)
zephyr/libzephyr.a(configs.c.obj)
                              (--whole-archive)
zephyr/libzephyr.a(soc.c.obj)
                              (--whole-archive)
zephyr/libzephyr.a(soc_nrf_common.S.obj)
                              (--whole-archive)
zephyr/libzephyr.a(validate_base_addresses.c.obj)
                              (--whole-archive)
zephyr/libzephyr.a(validate_enabled_instances.c.obj)
                              (--whole-archive)
zephyr/libzephyr.a(rpmsg_backend.c.obj)
                              (--whole-archive)
zephyr/libzephyr.a(rpmsg_service.c.obj)
                              (--whole-archive)
zephyr/libzephyr.a(tracing_none.c.obj)
                              (--whole-archive)
zephyr/libzephyr.a(clock_control_nrf.c.obj)
                              (--whole-archive)
zephyr/libzephyr.a(sys_clock_init.c.obj)
                              (--whole-archive)
zephyr/libzephyr.a(nrf_rtc_timer.c.obj)
                              (--whole-archive)
zephyr/libzephyr.a(flash_map_partition_manager.c.obj)
                              (--whole-archive)
zephyr/arch/common/libarch__common.a(sw_isr_common.c.obj)
                              (--whole-archive)
zephyr/arch/arch/arm/core/aarch32/libarch__arm__core__aarch32.a(swap.c.obj)
                              (--whole-archive)
zephyr/arch/arch/arm/core/aarch32/libarch__arm__core__aarch32.a(swap_helper.S.obj)
                              (--whole-archive)
zephyr/arch/arch/arm/core/aarch32/libarch__arm__core__aarch32.a(irq_manage.c.obj)
                              (--whole-archive)
zephyr/arch/arch/arm/core/aarch32/libarch__arm__core__aarch32.a(thread.c.obj)
                              (--whole-archive)
zephyr/arch/arch/arm/core/aarch32/libarch__arm__core__aarch32.a(cpu_idle.S.obj)
                              (--whole-archive)
zephyr/arch/arch/arm/core/aarch32/libarch__arm__core__aarch32.a(fatal.c.obj)
                              (--whole-archive)
zephyr/arch/arch/arm/core/aarch32/libarch__arm__core__aarch32.a(nmi.c.obj)
                              (--whole-archive)
zephyr/arch/arch/arm/core/aarch32/libarch__arm__core__aarch32.a(nmi_on_reset.S.obj)
                              (--whole-archive)
zephyr/arch/arch/arm/core/aarch32/libarch__arm__core__aarch32.a(prep_c.c.obj)
                              (--whole-archive)
zephyr/arch/arch/arm/core/aarch32/libarch__arm__core__aarch32.a(isr_wrapper.S.obj)
                              (--whole-archive)
zephyr/arch/arch/arm/core/aarch32/cortex_m/libarch__arm__core__aarch32__cortex_m.a(vector_table.S.obj)
                              (--whole-archive)
zephyr/arch/arch/arm/core/aarch32/cortex_m/libarch__arm__core__aarch32__cortex_m.a(reset.S.obj)
                              (--whole-archive)
zephyr/arch/arch/arm/core/aarch32/cortex_m/libarch__arm__core__aarch32__cortex_m.a(fault_s.S.obj)
                              (--whole-archive)
zephyr/arch/arch/arm/core/aarch32/cortex_m/libarch__arm__core__aarch32__cortex_m.a(fault.c.obj)
                              (--whole-archive)
[...]
Memory Configuration

Name             Origin             Length             Attributes
FLASH            0x0000000001000000 0x0000000000040000 xr
SRAM             0x0000000021000000 0x0000000000010000 xw
SRAM1            0x0000000021000000 0x0000000000010000 rw
IDT_LIST         0x0000000021010000 0x0000000000000800 xw
*default*        0x0000000000000000 0xffffffffffffffff

Linker script and memory map

LOAD zephyr/CMakeFiles/zephyr_final.dir/misc/empty_file.c.obj
LOAD zephyr/CMakeFiles/zephyr_final.dir/isr_tables.c.obj
LOAD zephyr/CMakeFiles/zephyr_final.dir/dev_handles.c.obj
LOAD zephyr/CMakeFiles/offsets.dir/./arch/arm/core/offsets/offsets.c.obj
                0x0000000000000020                _region_min_align = 0x20

.rel.plt        0x0000000001000000        0x0
 *(SORT_BY_ALIGNMENT(.rel.plt))
                [!provide]                        PROVIDE (__rel_iplt_start = .)
 *(SORT_BY_ALIGNMENT(.rel.iplt))
 .rel.iplt      0x0000000001000000        0x0 zephyr/CMakeFiles/zephyr_final.dir/isr_tables.c.obj
                [!provide]                        PROVIDE (__rel_iplt_end = .)

.rela.plt       0x0000000000000000        0x0
 *(SORT_BY_ALIGNMENT(.rela.plt))
                [!provide]                        PROVIDE (__rela_iplt_start = .)
 *(SORT_BY_ALIGNMENT(.rela.iplt))
                [!provide]                        PROVIDE (__rela_iplt_end = .)

.rel.dyn
 *(SORT_BY_ALIGNMENT(.rel.*))

.rela.dyn
 *(SORT_BY_ALIGNMENT(.rela.*))

/DISCARD/
 *(SORT_BY_ALIGNMENT(.plt))

/DISCARD/
 *(SORT_BY_ALIGNMENT(.iplt))
                0x0000000001000000                _image_rom_start = 0x1000000

rom_start       0x0000000001000000       0xb8
                0x0000000000000000                . = 0x0
                0x0000000000000000                . = ALIGN (0x4)
                0x0000000000000000                . = ALIGN (0x80)
                0x0000000000000000                . = ALIGN (0x100)
                0x0000000001000000                _vector_start = .
 *(SORT_BY_ALIGNMENT(.exc_vector_table))
 *(SORT_BY_ALIGNMENT(.exc_vector_table.*))
 .exc_vector_table._vector_table_section
                0x0000000001000000       0x40 zephyr/arch/arch/arm/core/aarch32/cortex_m/libarch__arm__core__aarch32__cortex_m.a(vector_table.S.obj)
                0x0000000001000000                _vector_table
 *(SORT_BY_ALIGNMENT(.gnu.linkonce.irq_vector_table*))
 .gnu.linkonce.irq_vector_table
                0x0000000001000040       0x78 zephyr/CMakeFiles/zephyr_final.dir/isr_tables.c.obj
                0x0000000001000040                _irq_vector_table
 *(SORT_BY_ALIGNMENT(.vectors))
                0x00000000010000b8                _vector_end = .
                0x00000000010000b8                . = MAX (ABSOLUTE (.), 0x400)

text            0x00000000010000b8     0xffe0
                0x00000000010000b8                _image_text_start = .
 *(SORT_BY_ALIGNMENT(.text))
 .text          0x00000000010000b8       0x30 /opt/gnu-mcu-eclipse/arm-none-eabi-gcc/gcc-arm-none-eabi-10.3-2021.10/bin/../lib/gcc/arm-none-eabi/10.3.1/thumb/v8-m.main/nofp/libgcc.a(_aeabi_uldivmod.o)
                0x00000000010000b8                __aeabi_uldivmod
 .text          0x00000000010000e8      0x2e8 /opt/gnu-mcu-eclipse/arm-none-eabi-gcc/gcc-arm-none-eabi-10.3-2021.10/bin/../lib/gcc/arm-none-eabi/10.3.1/thumb/v8-m.main/nofp/libgcc.a(_udivmoddi4.o)
                0x00000000010000e8                __udivmoddi4
 .text          0x00000000010003d0        0x4 /opt/gnu-mcu-eclipse/arm-none-eabi-gcc/gcc-arm-none-eabi-10.3-2021.10/bin/../lib/gcc/arm-none-eabi/10.3.1/thumb/v8-m.main/nofp/libgcc.a(_dvmd_tls.o)
                0x00000000010003d0                __aeabi_ldiv0
                0x00000000010003d0                __aeabi_idiv0
 .text          0x00000000010003d4       0x30 /home/dylan/ncs/nrfxlib/mpsl/lib/cortex-m33+nodsp/soft-float/libmpsl.a(libmpsl_debug_soft__obfuscated.elf)
                0x00000000010003d4                sym_QV6CME4HLWJA6KQZ7HE7ECNT7UGKOYHKNHH6E7I
 .text          0x0000000001000404        0xc /home/dylan/ncs/nrfxlib/mpsl/lib/cortex-m33+nodsp/soft-float/libmpsl.a(libmpsl_debug_soft__obfuscated.elf)
                0x0000000001000404                sym_SKFSQME5SGNPYLL7B75KY7PHXFYWSRI2HSTT45A
 .text          0x0000000001000410       0x18 /home/dylan/ncs/nrfxlib/mpsl/lib/cortex-m33+nodsp/soft-float/libmpsl.a(libmpsl_debug_soft__obfuscated.elf)
                0x0000000001000410                sym_4RNEPYYQOFM4LAOGLN2TB27X7L3XBISTGAWYOHQ
 .text          0x0000000001000428       0xf0 /home/dylan/ncs/nrfxlib/mpsl/lib/cortex-m33+nodsp/soft-float/libmpsl.a(libmpsl_debug_soft__obfuscated.elf)
 .text          0x0000000001000518       0xdc /home/dylan/ncs/nrfxlib/mpsl/lib/cortex-m33+nodsp/soft-float/libmpsl.a(libmpsl_debug_soft__obfuscated.elf)
 .text          0x00000000010005f4      0x22c /home/dylan/ncs/nrfxlib/mpsl/lib/cortex-m33+nodsp/soft-float/libmpsl.a(libmpsl_debug_soft__obfuscated.elf)
 .text          0x0000000001000820      0x168 /home/dylan/ncs/nrfxlib/mpsl/lib/cortex-m33+nodsp/soft-float/libmpsl.a(libmpsl_debug_soft__obfuscated.elf)
 .text          0x0000000001000988      0x6c8 /home/dylan/ncs/nrfxlib/mpsl/lib/cortex-m33+nodsp/soft-float/libmpsl.a(libmpsl_debug_soft__obfuscated.elf)
 .text          0x0000000001001050      0x120 /home/dylan/ncs/nrfxlib/mpsl/lib/cortex-m33+nodsp/soft-float/libmpsl.a(libmpsl_debug_soft__obfuscated.elf)
 .text          0x0000000001001170       0x80 /home/dylan/ncs/nrfxlib/mpsl/lib/cortex-m33+nodsp/soft-float/libmpsl.a(libmpsl_debug_soft__obfuscated.elf)
                0x0000000001001170                sym_ZC6NJBPUISWILQK6OTOBMJVVUT63JRIDGH5WNCY
 .text          0x00000000010011f0      0x31c /home/dylan/ncs/nrfxlib/mpsl/lib/cortex-m33+nodsp/soft-float/libmpsl.a(libmpsl_debug_soft__obfuscated.elf)
                0x00000000010011f0                sym_SFR5TVV24PZRIRC5QGOHL2X436PUHKRY2QWKP5Y
 .text          0x000000000100150c       0x54 /home/dylan/ncs/nrfxlib/mpsl/lib/cortex-m33+nodsp/soft-float/libmpsl.a(libmpsl_debug_soft__obfuscated.elf)
                0x000000000100150c                sym_RPHL2J7CVNKM6GKLDIFI4NVAPZE2FHTYW4VJSJI
 .text          0x0000000001001560      0x6ac /home/dylan/ncs/nrfxlib/mpsl/lib/cortex-m33+nodsp/soft-float/libmpsl.a(libmpsl_debug_soft__obfuscated.elf)
                0x0000000001001560                sym_NFDFVOR5BUFND4TNTGYIYR4ARXJRXWSQ4PVFUKY
 .text          0x0000000001001c0c        0xc /home/dylan/ncs/nrfxlib/mpsl/lib/cortex-m33+nodsp/soft-float/libmpsl.a(libmpsl_debug_soft__obfuscated.elf)
                0x0000000001001c0c                sym_VJEK4XS7F73UVK3OKMWLYLJEHOD3EB5MY72V6OQ
 .text          0x0000000001001c18      0x324 /home/dylan/ncs/nrfxlib/mpsl/lib/cortex-m33+nodsp/soft-float/libmpsl.a(libmpsl_debug_soft__obfuscated.elf)
                0x0000000001001c18                sym_J5F7QGRFPKMLWRNSXZXS5YI7BM4DUTISCOASCOA
 .text          0x0000000001001f3c       0x40 /home/dylan/ncs/nrfxlib/mpsl/lib/cortex-m33+nodsp/soft-float/libmpsl.a(libmpsl_debug_soft__obfuscated.elf)
                0x0000000001001f3c                sym_UY2NI5OOASY6266A2A7GY3XEUA5M2CDE2WTVEIY
 .text          0x0000000001001f7c       0xc8 /home/dylan/ncs/nrfxlib/mpsl/lib/cortex-m33+nodsp/soft-float/libmpsl.a(libmpsl_debug_soft__obfuscated.elf)
                0x0000000001001f7c                sym_URFU24FFGR2HYB6CCPIPKPNZNMTWHKDYOATUJNY
 .text          0x0000000001002044       0x30 /home/dylan/ncs/nrfxlib/mpsl/lib/cortex-m33+nodsp/soft-float/libmpsl.a(libmpsl_debug_soft__obfuscated.elf)
                0x0000000001002044                sym_VEWW3RW4OAPPUFDQOJ7JRKBAAFEHR5NLTH3O5OQ
 .text          0x0000000001002074       0x4c /home/dylan/ncs/nrfxlib/mpsl/lib/cortex-m33+nodsp/soft-float/libmpsl.a(libmpsl_debug_soft__obfuscated.elf)
                0x0000000001002074                sym_KRIFY7ONBBSU6QHFDWYLN5WQPGGEBIZW5444PSQ
 .text          0x00000000010020c0        0x4 /home/dylan/ncs/nrfxlib/mpsl/lib/cortex-m33+nodsp/soft-float/libmpsl.a(libmpsl_debug_soft__obfuscated.elf)
                0x00000000010020c0                sym_HAHEAVDZUSPPA6H5H73M6WNIYXBR6WNMIDQIM7Q
 .text          0x00000000010020c4       0xac /home/dylan/ncs/nrfxlib/mpsl/lib/cortex-m33+nodsp/soft-float/libmpsl.a(libmpsl_debug_soft__obfuscated.elf)
                0x00000000010020c4                sym_FWJGAV6HUABGKXBT6K4XJ76WZDWHK3EOQOQRNOI
 .text          0x0000000001002170      0x258 /home/dylan/ncs/nrfxlib/mpsl/lib/cortex-m33+nodsp/soft-float/libmpsl.a(libmpsl_debug_soft__obfuscated.elf)
                0x0000000001002170                sym_QWOE5H22ZADGJX5JSROW7BOI32Z6PPEEJCISNOQ
 .text          0x00000000010023c8       0x1c /home/dylan/ncs/nrfxlib/mpsl/lib/cortex-m33+nodsp/soft-float/libmpsl.a(libmpsl_debug_soft__obfuscated.elf)
                0x00000000010023c8                sym_XYQTP7YX2XFVREW5KFDH2NNPGRIPEHKIO2RURYI
 .text          0x00000000010023e4       0x54 /home/dylan/ncs/nrfxlib/mpsl/lib/cortex-m33+nodsp/soft-float/libmpsl.a(libmpsl_debug_soft__obfuscated.elf)
                0x00000000010023e4                sym_AOU55ZK756JLPLCLZ5TZSSVKOAWWFUNQZATBXUI
 .text          0x0000000001002438       0x38 /home/dylan/ncs/nrfxlib/mpsl/lib/cortex-m33+nodsp/soft-float/libmpsl.a(libmpsl_debug_soft__obfuscated.elf)
                0x0000000001002438                sym_PITJNQC6YSCEFAH23N5QRORZDKCSKOAUGBUS6GA
 .text          0x0000000001002470       0xc4 /home/dylan/ncs/nrfxlib/mpsl/lib/cortex-m33+nodsp/soft-float/libmpsl.a(libmpsl_debug_soft__obfuscated.elf)
                0x0000000001002470                sym_3SK52U5TD4ACVVYKWS6UI6ZPWKSLV6BW5IGCPJI
 .text          0x0000000001002534      0x180 /home/dylan/ncs/nrfxlib/mpsl/lib/cortex-m33+nodsp/soft-float/libmpsl.a(libmpsl_debug_soft__obfuscated.elf)
                0x0000000001002534                sym_2ZDZA75WOMRNSQ6XL7IZWAQKYFFSRJOGBGKPTIQ
 .text          0x00000000010026b4       0xc0 /home/dylan/ncs/nrfxlib/mpsl/lib/cortex-m33+nodsp/soft-float/libmpsl.a(libmpsl_debug_soft__obfuscated.elf)
                0x00000000010026b4                sym_UGOJA475OXR5HR5WFINUK27HP5BRGNWCZXQLKDI
 .text          0x0000000001002774      0x11c /home/dylan/ncs/nrfxlib/mpsl/lib/cortex-m33+nodsp/soft-float/libmpsl.a(libmpsl_debug_soft__obfuscated.elf)
                0x0000000001002774                sym_QUBGY7RMPG7R5F6DVNURH4AVGDAWMK46YXU4DRA
 .text          0x0000000001002890        0xc /home/dylan/ncs/nrfxlib/mpsl/lib/cortex-m33+nodsp/soft-float/libmpsl.a(libmpsl_debug_soft__obfuscated.elf)
                0x0000000001002890                sym_RUQO26WM5KVVEW7O3OHCXPO7LLLXRBDPIPSWIWY
 .text          0x000000000100289c        0xc /home/dylan/ncs/nrfxlib/mpsl/lib/cortex-m33+nodsp/soft-float/libmpsl.a(libmpsl_debug_soft__obfuscated.elf)
                0x000000000100289c                sym_M4DIQOXJAE3BNHQBIUCZXAABSM24CWUEJOCU7DY
 .text          0x00000000010028a8      0x138 /home/dylan/ncs/nrfxlib/mpsl/lib/cortex-m33+nodsp/soft-float/libmpsl.a(libmpsl_debug_soft__obfuscated.elf)
                0x00000000010028a8                sym_X2K67YH6UCW6TFK6NTLPZZFGWYHTTPZYK5PXHNQ
 .text          0x00000000010029e0       0x38 /home/dylan/ncs/nrfxlib/mpsl/lib/cortex-m33+nodsp/soft-float/libmpsl.a(libmpsl_debug_soft__obfuscated.elf)
                0x00000000010029e0                sym_CQWZ455IMTLTPY5LEEZHXHRRNX223B3HTDD45HA
 .text          0x0000000001002a18      0x11c /home/dylan/ncs/nrfxlib/mpsl/lib/cortex-m33+nodsp/soft-float/libmpsl.a(libmpsl_debug_soft__obfuscated.elf)
                0x0000000001002a18                sym_TSYEIN5CZPQE3YK6VECZD5C2M4LMXKKH6O7LNAY
 .text          0x0000000001002b34       0x94 /home/dylan/ncs/nrfxlib/mpsl/lib/cortex-m33+nodsp/soft-float/libmpsl.a(libmpsl_debug_soft__obfuscated.elf)
                0x0000000001002b34                sym_OLTN5HGCU3P74AJAQRGNYBUXASUKWF3RI2Q3H5Q
 .text          0x0000000001002bc8       0x28 /home/dylan/ncs/nrfxlib/mpsl/lib/cortex-m33+nodsp/soft-float/libmpsl.a(libmpsl_debug_soft__obfuscated.elf)
                0x0000000001002bc8                sym_CPXNCG66C5WXYS4GOKTR2JEIS45ZVRZUCBYX34I
 .text          0x0000000001002bf0       0xec /home/dylan/ncs/nrfxlib/mpsl/lib/cortex-m33+nodsp/soft-float/libmpsl.a(libmpsl_debug_soft__obfuscated.elf)
                0x0000000001002bf0                MPSL_IRQ_RTC0_Handler
 .text          0x0000000001002cdc      0x184 /home/dylan/ncs/nrfxlib/mpsl/lib/cortex-m33+nodsp/soft-float/libmpsl.a(libmpsl_debug_soft__obfuscated.elf)
                0x0000000001002cdc                MPSL_IRQ_TIMER0_Handler
 .text          0x0000000001002e60        0x4 /home/dylan/ncs/nrfxlib/mpsl/lib/cortex-m33+nodsp/soft-float/libmpsl.a(libmpsl_debug_soft__obfuscated.elf)
                0x0000000001002e60                MPSL_IRQ_RADIO_Handler
 .text          0x0000000001002e64       0x1c /home/dylan/ncs/nrfxlib/mpsl/lib/cortex-m33+nodsp/soft-float/libmpsl.a(libmpsl_debug_soft__obfuscated.elf)
 .text          0x0000000001002e80       0x28 /home/dylan/ncs/nrfxlib/mpsl/lib/cortex-m33+nodsp/soft-float/libmpsl.a(libmpsl_debug_soft__obfuscated.elf)
                0x0000000001002e80                sym_PEUB6CZG5CWXXD4M2S6OVBXZGDFOG4XII7USUDQ
 .text          0x0000000001002ea8       0x38 /home/dylan/ncs/nrfxlib/mpsl/lib/cortex-m33+nodsp/soft-float/libmpsl.a(libmpsl_debug_soft__obfuscated.elf)
                0x0000000001002ea8                mpsl_clock_hfclk_request
 .text          0x0000000001002ee0       0x38 /home/dylan/ncs/nrfxlib/mpsl/lib/cortex-m33+nodsp/soft-float/libmpsl.a(libmpsl_debug_soft__obfuscated.elf)
 .text          0x0000000001002f18       0x50 /home/dylan/ncs/nrfxlib/mpsl/lib/cortex-m33+nodsp/soft-float/libmpsl.a(libmpsl_debug_soft__obfuscated.elf)
 .text          0x0000000001002f68       0x38 /home/dylan/ncs/nrfxlib/mpsl/lib/cortex-m33+nodsp/soft-float/libmpsl.a(libmpsl_debug_soft__obfuscated.elf)
                0x0000000001002f68                sym_AF5XKA2WT4DMFZTLKHOBWE7E2EZAMLDDFPQGGTQ
 .text          0x0000000001002fa0       0x1c /home/dylan/ncs/nrfxlib/mpsl/lib/cortex-m33+nodsp/soft-float/libmpsl.a(libmpsl_debug_soft__obfuscated.elf)
                0x0000000001002fa0                mpsl_clock_hfclk_release
 .text          0x0000000001002fbc       0x1c /home/dylan/ncs/nrfxlib/mpsl/lib/cortex-m33+nodsp/soft-float/libmpsl.a(libmpsl_debug_soft__obfuscated.elf)
                0x0000000001002fbc                sym_MXEZOAVPP5LXUOZ6LJGDWJ57JEG5BZ5YB7LCG7Y
 .text          0x0000000001002fd8       0x38 /home/dylan/ncs/nrfxlib/mpsl/lib/cortex-m33+nodsp/soft-float/libmpsl.a(libmpsl_debug_soft__obfuscated.elf)
                0x0000000001002fd8                sym_UZOVMIXHY2SDZSVAWFRK4RKQPHXNS37P2CLQ57A
 .text          0x0000000001003010       0x80 /home/dylan/ncs/nrfxlib/mpsl/lib/cortex-m33+nodsp/soft-float/libmpsl.a(libmpsl_debug_soft__obfuscated.elf)
                0x0000000001003010                sym_A4JUKJUCTJV55V2WD6TXU63VO5GAMB4XA4EE56Q
 .text          0x0000000001003090       0xa8 /home/dylan/ncs/nrfxlib/mpsl/lib/cortex-m33+nodsp/soft-float/libmpsl.a(libmpsl_debug_soft__obfuscated.elf)
                0x0000000001003090                MPSL_IRQ_CLOCK_Handler
 .text          0x0000000001003138       0x18 /home/dylan/ncs/nrfxlib/mpsl/lib/cortex-m33+nodsp/soft-float/libmpsl.a(libmpsl_debug_soft__obfuscated.elf)
                0x0000000001003138                sym_4PX37LW4KIUYQZ73JWLPH5GAGIRWAKTV3E6F62Q
 .text          0x0000000001003150      0x1a0 /home/dylan/ncs/nrfxlib/mpsl/lib/cortex-m33+nodsp/soft-float/libmpsl.a(libmpsl_debug_soft__obfuscated.elf)
                0x0000000001003150                sym_FYHKZOVAJN6VDDHY43FT7PF4YLRDHWRTEWHFG6I
 .text          0x00000000010032f0        0xc /home/dylan/ncs/nrfxlib/mpsl/lib/cortex-m33+nodsp/soft-float/libmpsl.a(libmpsl_debug_soft__obfuscated.elf)
                0x00000000010032f0                sym_IFJHPQV3B4EIN6OIUP3LZSPJBF5HLX2VYD323GA
 .text          0x00000000010032fc       0x20 /home/dylan/ncs/nrfxlib/mpsl/lib/cortex-m33+nodsp/soft-float/libmpsl.a(libmpsl_debug_soft__obfuscated.elf)
                0x00000000010032fc                sym_XK3TMLCZALCYYWGULGHQIRSOBMPIIPJ7HEMOZIQ
 .text          0x000000000100331c        0xc /home/dylan/ncs/nrfxlib/mpsl/lib/cortex-m33+nodsp/soft-float/libmpsl.a(libmpsl_debug_soft__obfuscated.elf)
                0x000000000100331c                sym_PIRI3CTIHOPR5MPDQRHBJRRZEA2NVOD4J3GXGOA
 .text          0x0000000001003328       0x1c /home/dylan/ncs/nrfxlib/mpsl/lib/cortex-m33+nodsp/soft-float/libmpsl.a(libmpsl_debug_soft__obfuscated.elf)
                0x0000000001003328                sym_LIY23QT3GHIV7NCGJ6ZW6LB2ZUSI56CIFCL6HUY
 .text          0x0000000001003344       0x10 /home/dylan/ncs/nrfxlib/mpsl/lib/cortex-m33+nodsp/soft-float/libmpsl.a(libmpsl_debug_soft__obfuscated.elf)
                0x0000000001003344                sym_TIWHB6UQGI33JQCQDL7C2BRAEXCRAFYENVN6QEI
 .text          0x0000000001003354       0x10 /home/dylan/ncs/nrfxlib/mpsl/lib/cortex-m33+nodsp/soft-float/libmpsl.a(libmpsl_debug_soft__obfuscated.elf)
                0x0000000001003354                sym_AL7FCNVVCF72BNYCTLA5UGAWCQFXFPGE2ULTWOA
 .text          0x0000000001003364       0x10 /home/dylan/ncs/nrfxlib/mpsl/lib/cortex-m33+nodsp/soft-float/libmpsl.a(libmpsl_debug_soft__obfuscated.elf)
                0x0000000001003364                sym_7BUNPUBNWNFVXXIMNFFNK765OVON5LBIUZ66QRI
 .text          0x0000000001003374       0x28 /home/dylan/ncs/nrfxlib/mpsl/lib/cortex-m33+nodsp/soft-float/libmpsl.a(libmpsl_debug_soft__obfuscated.elf)
                0x0000000001003374                sym_LZEJCP3HZIBKMJQC47UQXAHGCQ52QF47EXOH2WA
 .text          0x000000000100339c       0x14 /home/dylan/ncs/nrfxlib/mpsl/lib/cortex-m33+nodsp/soft-float/libmpsl.a(libmpsl_debug_soft__obfuscated.elf)
 .text          0x00000000010033b0       0x20 /home/dylan/ncs/nrfxlib/mpsl/lib/cortex-m33+nodsp/soft-float/libmpsl.a(libmpsl_debug_soft__obfuscated.elf)
 .text          0x00000000010033d0       0x34 /home/dylan/ncs/nrfxlib/mpsl/lib/cortex-m33+nodsp/soft-float/libmpsl.a(libmpsl_debug_soft__obfuscated.elf)
 .text          0x0000000001003404       0x48 /home/dylan/ncs/nrfxlib/mpsl/lib/cortex-m33+nodsp/soft-float/libmpsl.a(libmpsl_debug_soft__obfuscated.elf)
 .text          0x000000000100344c       0x24 /home/dylan/ncs/nrfxlib/mpsl/lib/cortex-m33+nodsp/soft-float/libmpsl.a(libmpsl_debug_soft__obfuscated.elf)
 .text          0x0000000001003470       0xfc /home/dylan/ncs/nrfxlib/mpsl/lib/cortex-m33+nodsp/soft-float/libmpsl.a(libmpsl_debug_soft__obfuscated.elf)
 .text          0x000000000100356c        0xc /home/dylan/ncs/nrfxlib/mpsl/lib/cortex-m33+nodsp/soft-float/libmpsl.a(libmpsl_debug_soft__obfuscated.elf)
                0x000000000100356c                sym_JNBYD5ZJ5MPK62ZKHKS33GEXMN2T7JK3PFE544A
 .text          0x0000000001003578      0x10c /home/dylan/ncs/nrfxlib/mpsl/lib/cortex-m33+nodsp/soft-float/libmpsl.a(libmpsl_debug_soft__obfuscated.elf)
                0x0000000001003578                sym_SMM7FXAGNH5CGLSU6FKRBG24XS3XTMWJCOJFD6Q
 .text          0x0000000001003684       0x30 /home/dylan/ncs/nrfxlib/mpsl/lib/cortex-m33+nodsp/soft-float/libmpsl.a(libmpsl_debug_soft__obfuscated.elf)
 .text          0x00000000010036b4      0x208 /home/dylan/ncs/nrfxlib/mpsl/lib/cortex-m33+nodsp/soft-float/libmpsl.a(libmpsl_debug_soft__obfuscated.elf)
 .text          0x00000000010038bc       0x6c /home/dylan/ncs/nrfxlib/mpsl/lib/cortex-m33+nodsp/soft-float/libmpsl.a(libmpsl_debug_soft__obfuscated.elf)
                0x00000000010038bc                mpsl_init
 .text          0x0000000001003928       0x50 /home/dylan/ncs/nrfxlib/mpsl/lib/cortex-m33+nodsp/soft-float/libmpsl.a(libmpsl_debug_soft__obfuscated.elf)
                0x0000000001003928                sym_S2UAPMFVIQXDUOA6CV7GJMB33TYHEUH5D6LHO5Q
 .text          0x0000000001003978       0x28 /home/dylan/ncs/nrfxlib/mpsl/lib/cortex-m33+nodsp/soft-float/libmpsl.a(libmpsl_debug_soft__obfuscated.elf)
                0x0000000001003978                sym_XR32KBBIVYD5OVRJM2RBQ57EGCCM2C3F5IY6OHQ
 .text          0x00000000010039a0       0x7c /home/dylan/ncs/nrfxlib/mpsl/lib/cortex-m33+nodsp/soft-float/libmpsl.a(libmpsl_debug_soft__obfuscated.elf)
                0x00000000010039a0                mpsl_temperature_get
 .text          0x0000000001003a1c       0x38 /home/dylan/ncs/nrfxlib/mpsl/lib/cortex-m33+nodsp/soft-float/libmpsl.a(libmpsl_debug_soft__obfuscated.elf)
                0x0000000001003a1c                sym_W7ROFHNOSDKPIRUKDGIZZ5YR3MC3DAM2YLJOUIA
 .text          0x0000000001003a54       0x38 /home/dylan/ncs/nrfxlib/mpsl/lib/cortex-m33+nodsp/soft-float/libmpsl.a(libmpsl_debug_soft__obfuscated.elf)
                0x0000000001003a54                sym_GURZ3AH6X65RGSKYMYNWZVP6HM56LA5MRAQWT6Q
 .text          0x0000000001003a8c       0x50 /home/dylan/ncs/nrfxlib/mpsl/lib/cortex-m33+nodsp/soft-float/libmpsl.a(libmpsl_debug_soft__obfuscated.elf)
                0x0000000001003a8c                sym_VWGRUQT3LYZHLYS5KJ7UOCJEHLDJTWH4RVJBGKQ
 .text          0x0000000001003adc       0x10 /home/dylan/ncs/nrfxlib/mpsl/lib/cortex-m33+nodsp/soft-float/libmpsl.a(libmpsl_debug_soft__obfuscated.elf)
                0x0000000001003adc                sym_B4H3F5QPN2TDYOODF5YTAXQXBYEXGRA3HU76OEQ
 .text          0x0000000001003aec        0x8 /home/dylan/ncs/nrfxlib/mpsl/lib/cortex-m33+nodsp/soft-float/libmpsl.a(libmpsl_debug_soft__obfuscated.elf)
                0x0000000001003aec                sym_4WL3TG4Q7RCTFEMPQ2CQTOL4PAKUULDPJUM5DTY
 .text          0x0000000001003af4       0xe4 /home/dylan/ncs/nrfxlib/mpsl/lib/cortex-m33+nodsp/soft-float/libmpsl.a(libmpsl_debug_soft__obfuscated.elf)
                0x0000000001003af4                sym_VSILKYHVQ5DVF6LG5MG267DQVA3A2XZQ6FSCLXA
 .text          0x0000000001003bd8        0xc /home/dylan/ncs/nrfxlib/mpsl/lib/cortex-m33+nodsp/soft-float/libmpsl.a(libmpsl_debug_soft__obfuscated.elf)
                0x0000000001003bd8                mpsl_cx_request
 .text          0x0000000001003be4        0xc /home/dylan/ncs/nrfxlib/mpsl/lib/cortex-m33+nodsp/soft-float/libmpsl.a(libmpsl_debug_soft__obfuscated.elf)
                0x0000000001003be4                mpsl_cx_release
 .text          0x0000000001003bf0        0xc /home/dylan/ncs/nrfxlib/mpsl/lib/cortex-m33+nodsp/soft-float/libmpsl.a(libmpsl_debug_soft__obfuscated.elf)
                0x0000000001003bf0                mpsl_cx_granted_ops_get
 .text          0x0000000001003bfc        0xc /home/dylan/ncs/nrfxlib/mpsl/lib/cortex-m33+nodsp/soft-float/libmpsl.a(libmpsl_debug_soft__obfuscated.elf)
                0x0000000001003bfc                mpsl_cx_register_callback
 .text          0x0000000001003c08       0x38 /home/dylan/ncs/nrfxlib/mpsl/lib/cortex-m33+nodsp/soft-float/libmpsl.a(libmpsl_debug_soft__obfuscated.elf)
 .text          0x0000000001003c40       0x60 /home/dylan/ncs/nrfxlib/mpsl/lib/cortex-m33+nodsp/soft-float/libmpsl.a(libmpsl_debug_soft__obfuscated.elf)
 .text          0x0000000001003ca0       0x44 /home/dylan/ncs/nrfxlib/mpsl/lib/cortex-m33+nodsp/soft-float/libmpsl.a(libmpsl_debug_soft__obfuscated.elf)
 .text          0x0000000001003ce4       0xac /home/dylan/ncs/nrfxlib/mpsl/lib/cortex-m33+nodsp/soft-float/libmpsl.a(libmpsl_debug_soft__obfuscated.elf)
 .text          0x0000000001003d90       0x6c /home/dylan/ncs/nrfxlib/mpsl/lib/cortex-m33+nodsp/soft-float/libmpsl.a(libmpsl_debug_soft__obfuscated.elf)
                0x0000000001003d90                nrf_raal_init
 .text          0x0000000001003dfc       0x4c /home/dylan/ncs/nrfxlib/mpsl/lib/cortex-m33+nodsp/soft-float/libmpsl.a(libmpsl_debug_soft__obfuscated.elf)
                0x0000000001003dfc                nrf_raal_continuous_mode_exit
 .text          0x0000000001003e48       0x38 /home/dylan/ncs/nrfxlib/mpsl/lib/cortex-m33+nodsp/soft-float/libmpsl.a(libmpsl_debug_soft__obfuscated.elf)
                0x0000000001003e48                nrf_raal_continuous_ended
 .text          0x0000000001003e80       0x54 /home/dylan/ncs/nrfxlib/mpsl/lib/cortex-m33+nodsp/soft-float/libmpsl.a(libmpsl_debug_soft__obfuscated.elf)
                0x0000000001003e80                nrf_raal_timeslot_us_left_get
 .text          0x0000000001003ed4       0x60 /home/dylan/ncs/nrfxlib/mpsl/lib/cortex-m33+nodsp/soft-float/libmpsl.a(libmpsl_debug_soft__obfuscated.elf)
                0x0000000001003ed4                nrf_raal_continuous_mode_enter
 .text          0x0000000001003f34       0x2c /home/dylan/ncs/nrfxlib/mpsl/lib/cortex-m33+nodsp/soft-float/libmpsl.a(libmpsl_debug_soft__obfuscated.elf)
 .text          0x0000000001003f60       0xe4 /home/dylan/ncs/nrfxlib/mpsl/lib/cortex-m33+nodsp/soft-float/libmpsl.a(libmpsl_debug_soft__obfuscated.elf)
 .text          0x0000000001004044       0x3c /home/dylan/ncs/nrfxlib/mpsl/lib/cortex-m33+nodsp/soft-float/libmpsl.a(libmpsl_debug_soft__obfuscated.elf)
 .text          0x0000000001004080       0xbc /home/dylan/ncs/nrfxlib/mpsl/lib/cortex-m33+nodsp/soft-float/libmpsl.a(libmpsl_debug_soft__obfuscated.elf)
 .text          0x000000000100413c       0x98 /home/dylan/ncs/nrfxlib/mpsl/lib/cortex-m33+nodsp/soft-float/libmpsl.a(libmpsl_debug_soft__obfuscated.elf)
 .text          0x00000000010041d4       0x40 /home/dylan/ncs/nrfxlib/mpsl/lib/cortex-m33+nodsp/soft-float/libmpsl.a(libmpsl_debug_soft__obfuscated.elf)
 .text          0x0000000001004214       0x9c /home/dylan/ncs/nrfxlib/mpsl/lib/cortex-m33+nodsp/soft-float/libmpsl.a(libmpsl_debug_soft__obfuscated.elf)
 .text          0x00000000010042b0       0x1c /home/dylan/ncs/nrfxlib/mpsl/lib/cortex-m33+nodsp/soft-float/libmpsl.a(libmpsl_debug_soft__obfuscated.elf)
 .text          0x00000000010042cc       0x58 /home/dylan/ncs/nrfxlib/mpsl/lib/cortex-m33+nodsp/soft-float/libmpsl.a(libmpsl_debug_soft__obfuscated.elf)
 .text          0x0000000001004324       0x74 /home/dylan/ncs/nrfxlib/mpsl/lib/cortex-m33+nodsp/soft-float/libmpsl.a(libmpsl_debug_soft__obfuscated.elf)
 .text          0x0000000001004398       0x54 /home/dylan/ncs/nrfxlib/mpsl/lib/cortex-m33+nodsp/soft-float/libmpsl.a(libmpsl_debug_soft__obfuscated.elf)
 .text          0x00000000010043ec       0x68 /home/dylan/ncs/nrfxlib/mpsl/lib/cortex-m33+nodsp/soft-float/libmpsl.a(libmpsl_debug_soft__obfuscated.elf)
 .text          0x0000000001004454       0x44 /home/dylan/ncs/nrfxlib/mpsl/lib/cortex-m33+nodsp/soft-float/libmpsl.a(libmpsl_debug_soft__obfuscated.elf)
 .text          0x0000000001004498       0x7c /home/dylan/ncs/nrfxlib/mpsl/lib/cortex-m33+nodsp/soft-float/libmpsl.a(libmpsl_debug_soft__obfuscated.elf)
 .text          0x0000000001004514       0xd0 /home/dylan/ncs/nrfxlib/mpsl/lib/cortex-m33+nodsp/soft-float/libmpsl.a(libmpsl_debug_soft__obfuscated.elf)
 .text          0x00000000010045e4        0xc /home/dylan/ncs/nrfxlib/mpsl/lib/cortex-m33+nodsp/soft-float/libmpsl.a(libmpsl_debug_soft__obfuscated.elf)
                0x00000000010045e4                mpsl_fem_disable
 .text          0x00000000010045f0        0xc /home/dylan/ncs/nrfxlib/mpsl/lib/cortex-m33+nodsp/soft-float/libmpsl.a(libmpsl_debug_soft__obfuscated.elf)
                0x00000000010045f0                mpsl_fem_pa_configuration_set
 .text          0x00000000010045fc        0xc /home/dylan/ncs/nrfxlib/mpsl/lib/cortex-m33+nodsp/soft-float/libmpsl.a(libmpsl_debug_soft__obfuscated.elf)
                0x00000000010045fc                mpsl_fem_lna_configuration_set
 .text          0x0000000001004608        0xc /home/dylan/ncs/nrfxlib/mpsl/lib/cortex-m33+nodsp/soft-float/libmpsl.a(libmpsl_debug_soft__obfuscated.elf)
                0x0000000001004608                mpsl_fem_pa_configuration_clear
 .text          0x0000000001004614        0xc /home/dylan/ncs/nrfxlib/mpsl/lib/cortex-m33+nodsp/soft-float/libmpsl.a(libmpsl_debug_soft__obfuscated.elf)
                0x0000000001004614                mpsl_fem_lna_configuration_clear
 .text          0x0000000001004620        0xc /home/dylan/ncs/nrfxlib/mpsl/lib/cortex-m33+nodsp/soft-float/libmpsl.a(libmpsl_debug_soft__obfuscated.elf)
                0x0000000001004620                mpsl_fem_deactivate_now
 .text          0x000000000100462c        0xc /home/dylan/ncs/nrfxlib/mpsl/lib/cortex-m33+nodsp/soft-float/libmpsl.a(libmpsl_debug_soft__obfuscated.elf)
                0x000000000100462c                mpsl_fem_abort_set
 .text          0x0000000001004638        0xc /home/dylan/ncs/nrfxlib/mpsl/lib/cortex-m33+nodsp/soft-float/libmpsl.a(libmpsl_debug_soft__obfuscated.elf)
                0x0000000001004638                mpsl_fem_abort_clear
 .text          0x0000000001004644        0x2 /home/dylan/ncs/nrfxlib/mpsl/lib/cortex-m33+nodsp/soft-float/libmpsl.a(libmpsl_debug_soft__obfuscated.elf)
                0x0000000001004644                sym_GOBFCYOOXGGHCGCZKQ3FVSI5A765LRERAGT3CSY
 .text          0x0000000001004646       0x20 /home/dylan/ncs/nrfxlib/mpsl/lib/cortex-m33+nodsp/soft-float/libmpsl.a(libmpsl_debug_soft__obfuscated.elf)
                0x0000000001004646                sym_47MBMNER75N2M6YIZRIF4DAHSAATJOMK3LAIDCY
 .text          0x0000000001004666       0x42 /home/dylan/ncs/nrfxlib/mpsl/lib/cortex-m33+nodsp/soft-float/libmpsl.a(libmpsl_debug_soft__obfuscated.elf)
                0x0000000001004666                sym_XEJLNUQGS5P4R5IXDJFF6NE6C2FZWRZYDQOGMPI
 .text          0x00000000010046a8       0x1e /home/dylan/ncs/nrfxlib/mpsl/lib/cortex-m33+nodsp/soft-float/libmpsl.a(libmpsl_debug_soft__obfuscated.elf)
 .text          0x00000000010046c6        0x4 /home/dylan/ncs/nrfxlib/mpsl/lib/cortex-m33+nodsp/soft-float/libmpsl.a(libmpsl_debug_soft__obfuscated.elf)
                0x00000000010046c6                mpsl_low_priority_process
 .text          0x00000000010046ca        0x4 /home/dylan/ncs/nrfxlib/mpsl/lib/cortex-m33+nodsp/soft-float/libmpsl.a(libmpsl_debug_soft__obfuscated.elf)
                0x00000000010046ca                sym_PAD7XREQQORPXRJMXMW2EYVS4S43S42A5D43SBA
 .text          0x00000000010046ce        0xc /home/dylan/ncs/nrfxlib/mpsl/lib/cortex-m33+nodsp/soft-float/libmpsl.a(libmpsl_debug_soft__obfuscated.elf)
 .text          0x00000000010046da        0x4 /home/dylan/ncs/nrfxlib/mpsl/lib/cortex-m33+nodsp/soft-float/libmpsl.a(libmpsl_debug_soft__obfuscated.elf)
 .text          0x00000000010046de        0x8 /home/dylan/ncs/nrfxlib/mpsl/lib/cortex-m33+nodsp/soft-float/libmpsl.a(libmpsl_debug_soft__obfuscated.elf)
 .text          0x00000000010046e6        0x4 /home/dylan/ncs/nrfxlib/mpsl/lib/cortex-m33+nodsp/soft-float/libmpsl.a(libmpsl_debug_soft__obfuscated.elf)
 .text          0x00000000010046ea        0x4 /home/dylan/ncs/nrfxlib/mpsl/lib/cortex-m33+nodsp/soft-float/libmpsl.a(libmpsl_debug_soft__obfuscated.elf)
 .text          0x00000000010046ee       0x12 /home/dylan/ncs/nrfxlib/mpsl/lib/cortex-m33+nodsp/soft-float/libmpsl.a(libmpsl_debug_soft__obfuscated.elf)
                0x00000000010046ee                nrf_raal_timeslot_request
 .text          0x0000000001004700       0x2e /home/dylan/ncs/nrfxlib/mpsl/lib/cortex-m33+nodsp/soft-float/libmpsl.a(libmpsl_debug_soft__obfuscated.elf)
                0x0000000001004700                nrf_802154_fal_tx_power_get
 .text          0x000000000100472e       0x14 /home/dylan/ncs/nrfxlib/mpsl/lib/cortex-m33+nodsp/soft-float/libmpsl.a(libmpsl_debug_soft__obfuscated.elf)
 .text          0x0000000001004742       0x10 /home/dylan/ncs/nrfxlib/mpsl/lib/cortex-m33+nodsp/soft-float/libmpsl.a(libmpsl_debug_soft__obfuscated.elf)
 .text          0x0000000001004752       0x10 /home/dylan/ncs/nrfxlib/mpsl/lib/cortex-m33+nodsp/soft-float/libmpsl.a(libmpsl_debug_soft__obfuscated.elf)
 .text          0x0000000001004762       0x10 /home/dylan/ncs/nrfxlib/mpsl/lib/cortex-m33+nodsp/soft-float/libmpsl.a(libmpsl_debug_soft__obfuscated.elf)
 .text          0x0000000001004772       0x30 /home/dylan/ncs/nrfxlib/mpsl/lib/cortex-m33+nodsp/soft-float/libmpsl.a(libmpsl_debug_soft__obfuscated.elf)
 *(SORT_BY_ALIGNMENT(.text.*))
 *fill*         0x00000000010047a2        0x2 
 .text.char_out
                0x00000000010047a4       0x10 zephyr/libzephyr.a(printk.c.obj)
 .text.vprintk  0x00000000010047b4       0x1c zephyr/libzephyr.a(printk.c.obj)
                0x00000000010047b4                vprintk
 .text.process_event
                0x00000000010047d0      0x1c0 zephyr/libzephyr.a(onoff.c.obj)
 .text.cbvprintf
                0x0000000001004990      0x784 zephyr/libzephyr.a(cbprintf_complete.c.obj)
                0x0000000001004990                cbvprintf
 .text.nordicsemi_nrf53_init
                0x0000000001005114       0x28 zephyr/libzephyr.a(soc.c.obj)
 .text.arch_busy_wait
                0x000000000100513c       0x14 zephyr/libzephyr.a(soc.c.obj)
                0x000000000100513c                arch_busy_wait
 .text.virtio_get_status
                0x0000000001005150        0xc zephyr/libzephyr.a(rpmsg_backend.c.obj)
 .text.virtio_set_status
                0x000000000100515c        0xc zephyr/libzephyr.a(rpmsg_backend.c.obj)
 .text.ipm_callback
                0x0000000001005168       0x10 zephyr/libzephyr.a(rpmsg_backend.c.obj)
 .text.ipm_callback_process
                0x0000000001005178        0xc zephyr/libzephyr.a(rpmsg_backend.c.obj)
 .text.virtio_notify
                0x0000000001005184       0x1c zephyr/libzephyr.a(rpmsg_backend.c.obj)
 .text.rpmsg_backend_init
                0x00000000010051a0      0x158 zephyr/libzephyr.a(rpmsg_backend.c.obj)
                0x00000000010051a0                rpmsg_backend_init
 .text.rpmsg_service_init
                0x00000000010052f8       0x94 zephyr/libzephyr.a(rpmsg_service.c.obj)
 .text.rpmsg_service_register_endpoint
                0x000000000100538c       0x38 zephyr/libzephyr.a(rpmsg_service.c.obj)
                0x000000000100538c                rpmsg_service_register_endpoint
 .text.rpmsg_service_send
                0x00000000010053c4       0x28 zephyr/libzephyr.a(rpmsg_service.c.obj)
                0x00000000010053c4                rpmsg_service_send
 .text.onoff_stop
                0x00000000010053ec       0x30 zephyr/libzephyr.a(clock_control_nrf.c.obj)
 .text.onoff_start
                0x000000000100541c       0x44 zephyr/libzephyr.a(clock_control_nrf.c.obj)
 .text.clk_init
                0x0000000001005460       0x60 zephyr/libzephyr.a(clock_control_nrf.c.obj)
 .text.clkstarted_handle.constprop.0
                0x00000000010054c0       0x34 zephyr/libzephyr.a(clock_control_nrf.c.obj)
 .text.clock_event_handler
                0x00000000010054f4       0x1c zephyr/libzephyr.a(clock_control_nrf.c.obj)
 .text.generic_hfclk_start
                0x0000000001005510       0x64 zephyr/libzephyr.a(clock_control_nrf.c.obj)
 .text.api_blocking_start
                0x0000000001005574       0x34 zephyr/libzephyr.a(clock_control_nrf.c.obj)
 .text.generic_hfclk_stop
                0x00000000010055a8       0x24 zephyr/libzephyr.a(clock_control_nrf.c.obj)
 .text.z_nrf_clock_control_get_onoff
                0x00000000010055cc       0x10 zephyr/libzephyr.a(clock_control_nrf.c.obj)
                0x00000000010055cc                z_nrf_clock_control_get_onoff
 .text.z_nrf_clock_control_lf_on
                0x00000000010055dc       0xf8 zephyr/libzephyr.a(clock_control_nrf.c.obj)
                0x00000000010055dc                z_nrf_clock_control_lf_on
 .text.rtc_nrf_isr
                0x00000000010056d4       0x70 zephyr/libzephyr.a(nrf_rtc_timer.c.obj)
                0x00000000010056d4                rtc_nrf_isr
 .text.sys_clock_timeout_handler
                0x0000000001005744       0x18 zephyr/libzephyr.a(nrf_rtc_timer.c.obj)
 .text.set_absolute_alarm
                0x000000000100575c       0x98 zephyr/libzephyr.a(nrf_rtc_timer.c.obj)
 .text.z_nrf_rtc_timer_read
                0x00000000010057f4        0xc zephyr/libzephyr.a(nrf_rtc_timer.c.obj)
                0x00000000010057f4                z_nrf_rtc_timer_read
 .text.z_nrf_rtc_timer_compare_int_lock
                0x0000000001005800       0x3c zephyr/libzephyr.a(nrf_rtc_timer.c.obj)
                0x0000000001005800                z_nrf_rtc_timer_compare_int_lock
 .text.z_nrf_rtc_timer_compare_int_unlock
                0x000000000100583c       0x30 zephyr/libzephyr.a(nrf_rtc_timer.c.obj)
                0x000000000100583c                z_nrf_rtc_timer_compare_int_unlock
 .text.z_nrf_rtc_timer_compare_set
                0x000000000100586c       0x38 zephyr/libzephyr.a(nrf_rtc_timer.c.obj)
                0x000000000100586c                z_nrf_rtc_timer_compare_set
 .text.z_nrf_rtc_timer_chan_alloc
                0x00000000010058a4       0x3c zephyr/libzephyr.a(nrf_rtc_timer.c.obj)
                0x00000000010058a4                z_nrf_rtc_timer_chan_alloc
 .text.sys_clock_driver_init
                0x00000000010058e0       0x68 zephyr/libzephyr.a(nrf_rtc_timer.c.obj)
                0x00000000010058e0                sys_clock_driver_init
 .text.sys_clock_set_timeout
                0x0000000001005948       0x64 zephyr/libzephyr.a(nrf_rtc_timer.c.obj)
                0x0000000001005948                sys_clock_set_timeout
 .text.sys_clock_elapsed
                0x00000000010059ac       0x1c zephyr/libzephyr.a(nrf_rtc_timer.c.obj)
                0x00000000010059ac                sys_clock_elapsed
 .text.z_isr_install
                0x00000000010059c8       0x14 zephyr/arch/common/libarch__common.a(sw_isr_common.c.obj)
                0x00000000010059c8                z_isr_install
 .text.arch_swap
                0x00000000010059dc       0x34 zephyr/arch/arch/arm/core/aarch32/libarch__arm__core__aarch32.a(swap.c.obj)
                0x00000000010059dc                arch_swap
 .text.z_arm_pendsv
                0x0000000001005a10       0x58 zephyr/arch/arch/arm/core/aarch32/libarch__arm__core__aarch32.a(swap_helper.S.obj)
                0x0000000001005a10                z_arm_pendsv
 .text.z_arm_svc
                0x0000000001005a68       0x20 zephyr/arch/arch/arm/core/aarch32/libarch__arm__core__aarch32.a(swap_helper.S.obj)
                0x0000000001005a68                z_arm_svc
 .text.arch_irq_enable
                0x0000000001005a88       0x20 zephyr/arch/arch/arm/core/aarch32/libarch__arm__core__aarch32.a(irq_manage.c.obj)
                0x0000000001005a88                arch_irq_enable
 .text.arch_irq_disable
                0x0000000001005aa8       0x28 zephyr/arch/arch/arm/core/aarch32/libarch__arm__core__aarch32.a(irq_manage.c.obj)
                0x0000000001005aa8                arch_irq_disable
 .text.arch_irq_is_enabled
                0x0000000001005ad0       0x1c zephyr/arch/arch/arm/core/aarch32/libarch__arm__core__aarch32.a(irq_manage.c.obj)
                0x0000000001005ad0                arch_irq_is_enabled
 .text.z_arm_irq_priority_set
                0x0000000001005aec       0x34 zephyr/arch/arch/arm/core/aarch32/libarch__arm__core__aarch32.a(irq_manage.c.obj)
                0x0000000001005aec                z_arm_irq_priority_set
 .text.arch_new_thread
                0x0000000001005b20       0x38 zephyr/arch/arch/arm/core/aarch32/libarch__arm__core__aarch32.a(thread.c.obj)
                0x0000000001005b20                arch_new_thread
 .text.arch_switch_to_main_thread
                0x0000000001005b58       0x28 zephyr/arch/arch/arm/core/aarch32/libarch__arm__core__aarch32.a(thread.c.obj)
                0x0000000001005b58                arch_switch_to_main_thread
 .text.z_arm_cpu_idle_init
                0x0000000001005b80        0xc zephyr/arch/arch/arm/core/aarch32/libarch__arm__core__aarch32.a(cpu_idle.S.obj)
                0x0000000001005b80                z_arm_cpu_idle_init
 .text.arch_cpu_idle
                0x0000000001005b8c       0x1c zephyr/arch/arch/arm/core/aarch32/libarch__arm__core__aarch32.a(cpu_idle.S.obj)
                0x0000000001005b8c                arch_cpu_idle
 .text.arch_cpu_atomic_idle
                0x0000000001005ba8       0x14 zephyr/arch/arch/arm/core/aarch32/libarch__arm__core__aarch32.a(cpu_idle.S.obj)
                0x0000000001005ba8                arch_cpu_atomic_idle
 .text.z_SysNmiOnReset
                0x0000000001005bbc        0x8 zephyr/arch/arch/arm/core/aarch32/libarch__arm__core__aarch32.a(nmi_on_reset.S.obj)
                0x0000000001005bbc                z_SysNmiOnReset
 .text.z_arm_prep_c
                0x0000000001005bc4       0x2c zephyr/arch/arch/arm/core/aarch32/libarch__arm__core__aarch32.a(prep_c.c.obj)
                0x0000000001005bc4                z_arm_prep_c
 .text._isr_wrapper
                0x0000000001005bf0       0x28 zephyr/arch/arch/arm/core/aarch32/libarch__arm__core__aarch32.a(isr_wrapper.S.obj)
                0x0000000001005bf0                _isr_wrapper
 .text._reset_section
                0x0000000001005c18       0x60 zephyr/arch/arch/arm/core/aarch32/cortex_m/libarch__arm__core__aarch32__cortex_m.a(reset.S.obj)
                0x0000000001005c18                z_arm_reset
                0x0000000001005c18                __start
 .text.__fault  0x0000000001005c78       0x14 zephyr/arch/arch/arm/core/aarch32/cortex_m/libarch__arm__core__aarch32__cortex_m.a(fault_s.S.obj)
                0x0000000001005c78                z_arm_bus_fault
                0x0000000001005c78                z_arm_usage_fault
                0x0000000001005c78                z_arm_mpu_fault
                0x0000000001005c78                z_arm_exc_spurious
                0x0000000001005c78                z_arm_debug_monitor
                0x0000000001005c78                z_arm_hard_fault
 .text.usage_fault.constprop.0
                0x0000000001005c8c       0x2c zephyr/arch/arch/arm/core/aarch32/cortex_m/libarch__arm__core__aarch32__cortex_m.a(fault.c.obj)
 .text.bus_fault.constprop.0
                0x0000000001005cb8       0x38 zephyr/arch/arch/arm/core/aarch32/cortex_m/libarch__arm__core__aarch32__cortex_m.a(fault.c.obj)
 .text.mem_manage_fault.constprop.0
                0x0000000001005cf0       0x3c zephyr/arch/arch/arm/core/aarch32/cortex_m/libarch__arm__core__aarch32__cortex_m.a(fault.c.obj)
 .text.z_arm_fault
                0x0000000001005d2c       0xfc zephyr/arch/arch/arm/core/aarch32/cortex_m/libarch__arm__core__aarch32__cortex_m.a(fault.c.obj)
                0x0000000001005d2c                z_arm_fault
 .text.z_arm_fault_init
                0x0000000001005e28       0x18 zephyr/arch/arch/arm/core/aarch32/cortex_m/libarch__arm__core__aarch32__cortex_m.a(fault.c.obj)
                0x0000000001005e28                z_arm_fault_init
 .text._HandlerModeExit
                0x0000000001005e40       0x1c zephyr/arch/arch/arm/core/aarch32/cortex_m/libarch__arm__core__aarch32__cortex_m.a(exc_exit.S.obj)
                0x0000000001005e40                z_arm_exc_exit
                0x0000000001005e40                z_arm_int_exit
 .text.sys_arch_reboot
                0x0000000001005e5c       0x24 zephyr/arch/arch/arm/core/aarch32/cortex_m/libarch__arm__core__aarch32__cortex_m.a(scb.c.obj)
                0x0000000001005e5c                sys_arch_reboot
 .text.z_arm_clear_arm_mpu_config
                0x0000000001005e80       0x24 zephyr/arch/arch/arm/core/aarch32/cortex_m/libarch__arm__core__aarch32__cortex_m.a(scb.c.obj)
                0x0000000001005e80                z_arm_clear_arm_mpu_config
 .text.z_arm_init_arch_hw_at_boot
                0x0000000001005ea4       0x48 zephyr/arch/arch/arm/core/aarch32/cortex_m/libarch__arm__core__aarch32__cortex_m.a(scb.c.obj)
                0x0000000001005ea4                z_arm_init_arch_hw_at_boot
 .text.z_arm_interrupt_init
                0x0000000001005eec       0x18 zephyr/arch/arch/arm/core/aarch32/cortex_m/libarch__arm__core__aarch32__cortex_m.a(irq_init.c.obj)
                0x0000000001005eec                z_arm_interrupt_init
 .text.z_impl_k_thread_abort
                0x0000000001005f04       0x24 zephyr/arch/arch/arm/core/aarch32/cortex_m/libarch__arm__core__aarch32__cortex_m.a(thread_abort.c.obj)
                0x0000000001005f04                z_impl_k_thread_abort
 .text.z_arm_debug_enable_null_pointer_detection
                0x0000000001005f28       0x4c zephyr/arch/arch/arm/core/aarch32/cortex_m/libarch__arm__core__aarch32__cortex_m.a(debug.c.obj)
 .text.z_arm_debug_monitor_event_error_check
                0x0000000001005f74       0x30 zephyr/arch/arch/arm/core/aarch32/cortex_m/libarch__arm__core__aarch32__cortex_m.a(debug.c.obj)
                0x0000000001005f74                z_arm_debug_monitor_event_error_check
 .text.z_arm_configure_static_mpu_regions
                0x0000000001005fa4       0x38 zephyr/arch/arch/arm/core/aarch32/mpu/libarch__arm__core__aarch32__mpu.a(arm_core_mpu.c.obj)
                0x0000000001005fa4                z_arm_configure_static_mpu_regions
 .text.region_init
                0x0000000001005fdc       0x34 zephyr/arch/arch/arm/core/aarch32/mpu/libarch__arm__core__aarch32__mpu.a(arm_mpu.c.obj)
 .text.mpu_configure_regions_and_partition.constprop.0
                0x0000000001006010      0x15c zephyr/arch/arch/arm/core/aarch32/mpu/libarch__arm__core__aarch32__mpu.a(arm_mpu.c.obj)
 .text.arm_core_mpu_enable
                0x000000000100616c       0x18 zephyr/arch/arch/arm/core/aarch32/mpu/libarch__arm__core__aarch32__mpu.a(arm_mpu.c.obj)
                0x000000000100616c                arm_core_mpu_enable
 .text.arm_core_mpu_disable
                0x0000000001006184       0x14 zephyr/arch/arch/arm/core/aarch32/mpu/libarch__arm__core__aarch32__mpu.a(arm_mpu.c.obj)
                0x0000000001006184                arm_core_mpu_disable
 .text.arm_core_mpu_configure_static_mpu_regions
                0x0000000001006198       0x14 zephyr/arch/arch/arm/core/aarch32/mpu/libarch__arm__core__aarch32__mpu.a(arm_mpu.c.obj)
                0x0000000001006198                arm_core_mpu_configure_static_mpu_regions
 .text.arm_core_mpu_mark_areas_for_dynamic_regions
                0x00000000010061ac       0xb8 zephyr/arch/arch/arm/core/aarch32/mpu/libarch__arm__core__aarch32__mpu.a(arm_mpu.c.obj)
                0x00000000010061ac                arm_core_mpu_mark_areas_for_dynamic_regions
 .text.z_arm_mpu_init
                0x0000000001006264       0x4c zephyr/arch/arch/arm/core/aarch32/mpu/libarch__arm__core__aarch32__mpu.a(arm_mpu.c.obj)
                0x0000000001006264                z_arm_mpu_init
 .text.gpio_nrfx_init
                0x00000000010062b0       0x30 zephyr/drivers/gpio/libdrivers__gpio.a(gpio_nrfx.c.obj)
 .text.gpio_nrfx_config
                0x00000000010062e0       0xcc zephyr/drivers/gpio/libdrivers__gpio.a(gpio_nrfx.c.obj)
 .text.nrf_gpio_cfg_sense_set
                0x00000000010063ac       0x30 zephyr/drivers/gpio/libdrivers__gpio.a(gpio_nrfx.c.obj)
 .text.check_level_trigger_pins
                0x00000000010063dc       0x98 zephyr/drivers/gpio/libdrivers__gpio.a(gpio_nrfx.c.obj)
 .text.gpiote_event_handler
                0x0000000001006474       0xc8 zephyr/drivers/gpio/libdrivers__gpio.a(gpio_nrfx.c.obj)
 .text.gpio_nrfx_pin_interrupt_configure
                0x000000000100653c      0x1b8 zephyr/drivers/gpio/libdrivers__gpio.a(gpio_nrfx.c.obj)
 .text.vipm_nrf_0_register_callback
                0x00000000010066f4       0x10 zephyr/drivers/ipm/libdrivers__ipm.a(ipm_nrfx_ipc.c.obj)
 .text.vipm_nrf_init
                0x0000000001006704       0x40 zephyr/drivers/ipm/libdrivers__ipm.a(ipm_nrfx_ipc.c.obj)
 .text.vipm_dispatcher
                0x0000000001006744       0x48 zephyr/drivers/ipm/libdrivers__ipm.a(ipm_nrfx_ipc.c.obj)
 .text.vipm_nrf_1_send
                0x000000000100678c       0x18 zephyr/drivers/ipm/libdrivers__ipm.a(ipm_nrfx_ipc.c.obj)
 .text.random_byte_get
                0x00000000010067a4       0x3c zephyr/drivers/entropy/libdrivers__entropy.a(entropy_nrf5.c.obj)
 .text.rng_pool_get
                0x00000000010067e0       0x8c zephyr/drivers/entropy/libdrivers__entropy.a(entropy_nrf5.c.obj)
 .text.entropy_nrf5_get_entropy_isr
                0x000000000100686c       0xa4 zephyr/drivers/entropy/libdrivers__entropy.a(entropy_nrf5.c.obj)
 .text.entropy_nrf5_get_entropy
                0x0000000001006910       0x58 zephyr/drivers/entropy/libdrivers__entropy.a(entropy_nrf5.c.obj)
 .text.entropy_nrf5_init
                0x0000000001006968       0x6c zephyr/drivers/entropy/libdrivers__entropy.a(entropy_nrf5.c.obj)
 .text.isr      0x00000000010069d4       0x74 zephyr/drivers/entropy/libdrivers__entropy.a(entropy_nrf5.c.obj)
 .text.multithreading_lock_acquire
                0x0000000001006a48       0x10 modules/nrf/lib/multithreading_lock/lib..__nrf__lib__multithreading_lock.a(multithreading_lock.c.obj)
                0x0000000001006a48                multithreading_lock_acquire
 .text.multithreading_lock_release
                0x0000000001006a58        0xc modules/nrf/lib/multithreading_lock/lib..__nrf__lib__multithreading_lock.a(multithreading_lock.c.obj)
                0x0000000001006a58                multithreading_lock_release
 .text.mpsl_lib_init
                0x0000000001006a64       0x50 modules/nrf/subsys/mpsl/init/lib..__nrf__subsys__mpsl__init.a(mpsl_init.c.obj)
 .text.mpsl_low_prio_irq_handler
                0x0000000001006ab4        0xc modules/nrf/subsys/mpsl/init/lib..__nrf__subsys__mpsl__init.a(mpsl_init.c.obj)
 .text.mpsl_signal_thread_init
                0x0000000001006ac0       0x54 modules/nrf/subsys/mpsl/init/lib..__nrf__subsys__mpsl__init.a(mpsl_init.c.obj)
 .text.signal_thread
                0x0000000001006b14       0x2c modules/nrf/subsys/mpsl/init/lib..__nrf__subsys__mpsl__init.a(mpsl_init.c.obj)
 .text.mpsl_hfclk_callback
                0x0000000001006b40        0xc modules/nrf/drivers/mpsl/clock_control/lib..__nrf__drivers__mpsl__clock_control.a(nrfx_clock_mpsl.c.obj)
 .text.nrfx_clock_start
                0x0000000001006b4c       0x20 modules/nrf/drivers/mpsl/clock_control/lib..__nrf__drivers__mpsl__clock_control.a(nrfx_clock_mpsl.c.obj)
                0x0000000001006b4c                nrfx_clock_start
 .text.nrfx_clock_init
                0x0000000001006b6c       0x10 modules/nrf/drivers/mpsl/clock_control/lib..__nrf__drivers__mpsl__clock_control.a(nrfx_clock_mpsl.c.obj)
                0x0000000001006b6c                nrfx_clock_init
 .text.temp_nrf5_mpsl_channel_get
                0x0000000001006b7c       0x40 modules/nrf/drivers/mpsl/temp_nrf5/lib..__nrf__drivers__mpsl__temp_nrf5.a(temp_nrf5_mpsl.c.obj)
 .text.nrf_802154_random_init
                0x0000000001006bbc       0x28 modules/hal_nordic/nrf_802154/libnrf-802154-platform.a(nrf_802154_random_zephyr.c.obj)
                0x0000000001006bbc                nrf_802154_random_init
 .text.nrf_802154_random_get
                0x0000000001006be4       0x1c modules/hal_nordic/nrf_802154/libnrf-802154-platform.a(nrf_802154_random_zephyr.c.obj)
                0x0000000001006be4                nrf_802154_random_get
 .text.nrf_802154_clock_hfclk_start
                0x0000000001006c00       0x28 modules/hal_nordic/nrf_802154/libnrf-802154-platform.a(nrf_802154_clock_zephyr.c.obj)
                0x0000000001006c00                nrf_802154_clock_hfclk_start
 .text.nrf_802154_clock_hfclk_stop
                0x0000000001006c28       0x2c modules/hal_nordic/nrf_802154/libnrf-802154-platform.a(nrf_802154_clock_zephyr.c.obj)
                0x0000000001006c28                nrf_802154_clock_hfclk_stop
 .text.nrf_802154_clock_lfclk_start
                0x0000000001006c54       0x28 modules/hal_nordic/nrf_802154/libnrf-802154-platform.a(nrf_802154_clock_zephyr.c.obj)
                0x0000000001006c54                nrf_802154_clock_lfclk_start
 .text.hfclk_on_callback
                0x0000000001006c7c       0x14 modules/hal_nordic/nrf_802154/libnrf-802154-platform.a(nrf_802154_clock_zephyr.c.obj)
 .text.lfclk_on_callback
                0x0000000001006c90       0x14 modules/hal_nordic/nrf_802154/libnrf-802154-platform.a(nrf_802154_clock_zephyr.c.obj)
 .text.nrf_802154_irq_set_pending
                0x0000000001006ca4       0x20 modules/hal_nordic/nrf_802154/libnrf-802154-platform.a(nrf_802154_irq_zephyr.c.obj)
                0x0000000001006ca4                nrf_802154_irq_set_pending
 .text.nrf_802154_irq_clear_pending
                0x0000000001006cc4       0x20 modules/hal_nordic/nrf_802154/libnrf-802154-platform.a(nrf_802154_irq_zephyr.c.obj)
                0x0000000001006cc4                nrf_802154_irq_clear_pending
 .text.nrf_802154_irq_priority_get
                0x0000000001006ce4       0x24 modules/hal_nordic/nrf_802154/libnrf-802154-platform.a(nrf_802154_irq_zephyr.c.obj)
                0x0000000001006ce4                nrf_802154_irq_priority_get
 .text.temperature_update_init
                0x0000000001006d08       0x24 modules/hal_nordic/nrf_802154/libnrf-802154-platform.a(nrf_802154_temperature_zephyr.c.obj)
 .text.work_handler
                0x0000000001006d2c       0x48 modules/hal_nordic/nrf_802154/libnrf-802154-platform.a(nrf_802154_temperature_zephyr.c.obj)
 .text.nrf_802154_temperature_get
                0x0000000001006d74        0xc modules/hal_nordic/nrf_802154/libnrf-802154-platform.a(nrf_802154_temperature_zephyr.c.obj)
                0x0000000001006d74                nrf_802154_temperature_get
 .text.rtc_irq_handler
                0x0000000001006d80       0x2c modules/hal_nordic/nrf_802154/libnrf-802154-platform.a(nrf_802154_lp_timer_zephyr.c.obj)
                0x0000000001006d80                rtc_irq_handler
 .text.nrf_802154_clock_lfclk_ready
                0x0000000001006dac        0xc modules/hal_nordic/nrf_802154/libnrf-802154-platform.a(nrf_802154_lp_timer_zephyr.c.obj)
                0x0000000001006dac                nrf_802154_clock_lfclk_ready
 .text.nrf_802154_lp_timer_init
                0x0000000001006db8       0x40 modules/hal_nordic/nrf_802154/libnrf-802154-platform.a(nrf_802154_lp_timer_zephyr.c.obj)
                0x0000000001006db8                nrf_802154_lp_timer_init
 .text.nrf_802154_lp_timer_critical_section_enter
                0x0000000001006df8       0x28 modules/hal_nordic/nrf_802154/libnrf-802154-platform.a(nrf_802154_lp_timer_zephyr.c.obj)
                0x0000000001006df8                nrf_802154_lp_timer_critical_section_enter
 .text.nrf_802154_lp_timer_critical_section_exit
                0x0000000001006e20       0x2c modules/hal_nordic/nrf_802154/libnrf-802154-platform.a(nrf_802154_lp_timer_zephyr.c.obj)
                0x0000000001006e20                nrf_802154_lp_timer_critical_section_exit
 .text.nrf_802154_lp_timer_start
                0x0000000001006e4c       0x48 modules/hal_nordic/nrf_802154/libnrf-802154-platform.a(nrf_802154_lp_timer_zephyr.c.obj)
                0x0000000001006e4c                nrf_802154_lp_timer_start
 .text.nrf_802154_lp_timer_stop
                0x0000000001006e94       0x24 modules/hal_nordic/nrf_802154/libnrf-802154-platform.a(nrf_802154_lp_timer_zephyr.c.obj)
                0x0000000001006e94                nrf_802154_lp_timer_stop
 .text.register_endpoint
                0x0000000001006eb8       0x24 modules/hal_nordic/nrf_802154/libnrf-802154-platform.a(nrf_802154_spinel_backend_ipc.c.obj)
 .text.spinel_packet_send_thread_fn
                0x0000000001006edc       0x5c modules/hal_nordic/nrf_802154/libnrf-802154-platform.a(nrf_802154_spinel_backend_ipc.c.obj)
 .text.nrf_802154_spinel_encoded_packet_send
                0x0000000001006f38       0x6c modules/hal_nordic/nrf_802154/libnrf-802154-platform.a(nrf_802154_spinel_backend_ipc.c.obj)
                0x0000000001006f38                nrf_802154_spinel_encoded_packet_send
 .text.nrf_802154_spinel_response_notifier_init
                0x0000000001006fa4       0x18 modules/hal_nordic/nrf_802154/libnrf-802154-platform.a(nrf_802154_spinel_response_notifier.c.obj)
                0x0000000001006fa4                nrf_802154_spinel_response_notifier_init
 .text.nrf_802154_init
                0x0000000001006fbc       0x60 modules/nrfxlib/nrf_802154/nrf_802154/driver/libnrf-802154-driver.a(nrf_802154.c.obj)
                0x0000000001006fbc                nrf_802154_init
 .text.nrf_802154_transmit_raw
                0x000000000100701c       0x40 modules/nrfxlib/nrf_802154/nrf_802154/driver/libnrf-802154-driver.a(nrf_802154.c.obj)
                0x000000000100701c                nrf_802154_transmit_raw
 .text.nrf_802154_transmit_csma_ca_raw
                0x000000000100705c       0x20 modules/nrfxlib/nrf_802154/nrf_802154/driver/libnrf-802154-driver.a(nrf_802154.c.obj)
                0x000000000100705c                nrf_802154_transmit_csma_ca_raw
 .text.nrf_802154_received_raw
                0x000000000100707c       0x10 modules/nrfxlib/nrf_802154/nrf_802154/driver/libnrf-802154-driver.a(nrf_802154.c.obj)
                0x000000000100707c                nrf_802154_received_raw
 .text.rx_buffer_is_available
                0x000000000100708c       0x14 modules/nrfxlib/nrf_802154/nrf_802154/driver/libnrf-802154-driver.a(nrf_802154_core.c.obj)
 .text.rx_buffer_get
                0x00000000010070a0       0x14 modules/nrfxlib/nrf_802154/nrf_802154/driver/libnrf-802154-driver.a(nrf_802154_core.c.obj)
 .text.receive_failed_notify
                0x00000000010070b4       0x20 modules/nrfxlib/nrf_802154/nrf_802154/driver/libnrf-802154-driver.a(nrf_802154_core.c.obj)
 .text.received_frame_notify_and_nesting_allow
                0x00000000010070d4       0x28 modules/nrfxlib/nrf_802154/nrf_802154/driver/libnrf-802154-driver.a(nrf_802154_core.c.obj)
 .text.transmit_failed_notify_and_nesting_allow
                0x00000000010070fc       0x20 modules/nrfxlib/nrf_802154/nrf_802154/driver/libnrf-802154-driver.a(nrf_802154_core.c.obj)
 .text.rx_data_clear
                0x000000000100711c       0x18 modules/nrfxlib/nrf_802154/nrf_802154/driver/libnrf-802154-driver.a(nrf_802154_core.c.obj)
 .text.critical_section_can_be_processed_now
                0x0000000001007134       0x20 modules/nrfxlib/nrf_802154/nrf_802154/driver/libnrf-802154-driver.a(nrf_802154_core.c.obj)
 .text.transmitted_frame_notify
                0x0000000001007154       0x4c modules/nrfxlib/nrf_802154/nrf_802154/driver/libnrf-802154-driver.a(nrf_802154_core.c.obj)
 .text.min_required_rsch_prio
                0x00000000010071a0       0x38 modules/nrfxlib/nrf_802154/nrf_802154/driver/libnrf-802154-driver.a(nrf_802154_core.c.obj)
 .text.are_preconditions_met
                0x00000000010071d8       0x24 modules/nrfxlib/nrf_802154/nrf_802154/driver/libnrf-802154-driver.a(nrf_802154_core.c.obj)
 .text.state_set
                0x00000000010071fc        0xc modules/nrfxlib/nrf_802154/nrf_802154/driver/libnrf-802154-driver.a(nrf_802154_core.c.obj)
 .text.on_rx_prestarted_timeout
                0x0000000001007208       0x38 modules/nrfxlib/nrf_802154/nrf_802154/driver/libnrf-802154-driver.a(nrf_802154_core.c.obj)
 .text.rx_init  0x0000000001007240       0x64 modules/nrfxlib/nrf_802154/nrf_802154/driver/libnrf-802154-driver.a(nrf_802154_core.c.obj)
 .text.tx_init  0x00000000010072a4       0x68 modules/nrfxlib/nrf_802154/nrf_802154/driver/libnrf-802154-driver.a(nrf_802154_core.c.obj)
 .text.cca_init
                0x000000000100730c       0x24 modules/nrfxlib/nrf_802154/nrf_802154/driver/libnrf-802154-driver.a(nrf_802154_core.c.obj)
 .text.continuous_carrier_init
                0x0000000001007330       0x1c modules/nrfxlib/nrf_802154/nrf_802154/driver/libnrf-802154-driver.a(nrf_802154_core.c.obj)
 .text.modulated_carrier_init
                0x000000000100734c       0x20 modules/nrfxlib/nrf_802154/nrf_802154/driver/libnrf-802154-driver.a(nrf_802154_core.c.obj)
 .text.ed_init  0x000000000100736c       0x50 modules/nrfxlib/nrf_802154/nrf_802154/driver/libnrf-802154-driver.a(nrf_802154_core.c.obj)
 .text.on_preconditions_approved
                0x00000000010073bc       0x60 modules/nrfxlib/nrf_802154/nrf_802154/driver/libnrf-802154-driver.a(nrf_802154_core.c.obj)
 .text.operation_terminated_notify
                0x000000000100741c       0x88 modules/nrfxlib/nrf_802154/nrf_802154/driver/libnrf-802154-driver.a(nrf_802154_core.c.obj)
 .text.current_operation_terminate
                0x00000000010074a4       0x90 modules/nrfxlib/nrf_802154/nrf_802154/driver/libnrf-802154-driver.a(nrf_802154_core.c.obj)
 .text.nrf_802154_rsch_crit_sect_prio_changed
                0x0000000001007534      0x170 modules/nrfxlib/nrf_802154/nrf_802154/driver/libnrf-802154-driver.a(nrf_802154_core.c.obj)
                0x0000000001007534                nrf_802154_rsch_crit_sect_prio_changed
 .text.nrf_802154_trx_receive_frame_prestarted
                0x00000000010076a4       0x6c modules/nrfxlib/nrf_802154/nrf_802154/driver/libnrf-802154-driver.a(nrf_802154_core.c.obj)
                0x00000000010076a4                nrf_802154_trx_receive_frame_prestarted
 .text.nrf_802154_trx_receive_frame_started
                0x0000000001007710       0x54 modules/nrfxlib/nrf_802154/nrf_802154/driver/libnrf-802154-driver.a(nrf_802154_core.c.obj)
                0x0000000001007710                nrf_802154_trx_receive_frame_started
 .text.nrf_802154_trx_receive_frame_bcmatched
                0x0000000001007764      0x16c modules/nrfxlib/nrf_802154/nrf_802154/driver/libnrf-802154-driver.a(nrf_802154_core.c.obj)
                0x0000000001007764                nrf_802154_trx_receive_frame_bcmatched
 .text.nrf_802154_trx_receive_frame_crcerror
                0x00000000010078d0       0x38 modules/nrfxlib/nrf_802154/nrf_802154/driver/libnrf-802154-driver.a(nrf_802154_core.c.obj)
                0x00000000010078d0                nrf_802154_trx_receive_frame_crcerror
 .text.nrf_802154_trx_receive_frame_received
                0x0000000001007908      0x164 modules/nrfxlib/nrf_802154/nrf_802154/driver/libnrf-802154-driver.a(nrf_802154_core.c.obj)
                0x0000000001007908                nrf_802154_trx_receive_frame_received
 .text.nrf_802154_trx_transmit_frame_started
                0x0000000001007a6c       0x20 modules/nrfxlib/nrf_802154/nrf_802154/driver/libnrf-802154-driver.a(nrf_802154_core.c.obj)
                0x0000000001007a6c                nrf_802154_trx_transmit_frame_started
 .text.nrf_802154_trx_transmit_ack_started
                0x0000000001007a8c       0x18 modules/nrfxlib/nrf_802154/nrf_802154/driver/libnrf-802154-driver.a(nrf_802154_core.c.obj)
                0x0000000001007a8c                nrf_802154_trx_transmit_ack_started
 .text.nrf_802154_trx_transmit_ack_transmitted
                0x0000000001007aa4       0x24 modules/nrfxlib/nrf_802154/nrf_802154/driver/libnrf-802154-driver.a(nrf_802154_core.c.obj)
                0x0000000001007aa4                nrf_802154_trx_transmit_ack_transmitted
 .text.nrf_802154_trx_transmit_frame_transmitted
                0x0000000001007ac8       0x60 modules/nrfxlib/nrf_802154/nrf_802154/driver/libnrf-802154-driver.a(nrf_802154_core.c.obj)
                0x0000000001007ac8                nrf_802154_trx_transmit_frame_transmitted
 .text.nrf_802154_trx_receive_ack_received
                0x0000000001007b28       0xf8 modules/nrfxlib/nrf_802154/nrf_802154/driver/libnrf-802154-driver.a(nrf_802154_core.c.obj)
                0x0000000001007b28                nrf_802154_trx_receive_ack_received
 .text.nrf_802154_trx_transmit_frame_ccaidle
                0x0000000001007c20       0x24 modules/nrfxlib/nrf_802154/nrf_802154/driver/libnrf-802154-driver.a(nrf_802154_core.c.obj)
                0x0000000001007c20                nrf_802154_trx_transmit_frame_ccaidle
 .text.nrf_802154_trx_transmit_frame_ccabusy
                0x0000000001007c44       0x2c modules/nrfxlib/nrf_802154/nrf_802154/driver/libnrf-802154-driver.a(nrf_802154_core.c.obj)
                0x0000000001007c44                nrf_802154_trx_transmit_frame_ccabusy
 .text.nrf_802154_trx_energy_detection_finished
                0x0000000001007c70       0x8c modules/nrfxlib/nrf_802154/nrf_802154/driver/libnrf-802154-driver.a(nrf_802154_core.c.obj)
                0x0000000001007c70                nrf_802154_trx_energy_detection_finished
 .text.nrf_802154_core_init
                0x0000000001007cfc       0x20 modules/nrfxlib/nrf_802154/nrf_802154/driver/libnrf-802154-driver.a(nrf_802154_core.c.obj)
                0x0000000001007cfc                nrf_802154_core_init
 .text.nrf_802154_core_sleep
                0x0000000001007d1c       0x5c modules/nrfxlib/nrf_802154/nrf_802154/driver/libnrf-802154-driver.a(nrf_802154_core.c.obj)
                0x0000000001007d1c                nrf_802154_core_sleep
 .text.nrf_802154_core_receive
                0x0000000001007d78       0x80 modules/nrfxlib/nrf_802154/nrf_802154/driver/libnrf-802154-driver.a(nrf_802154_core.c.obj)
                0x0000000001007d78                nrf_802154_core_receive
 .text.nrf_802154_core_transmit
                0x0000000001007df8       0xe0 modules/nrfxlib/nrf_802154/nrf_802154/driver/libnrf-802154-driver.a(nrf_802154_core.c.obj)
                0x0000000001007df8                nrf_802154_core_transmit
 .text.nrf_802154_core_energy_detection
                0x0000000001007ed8       0x48 modules/nrfxlib/nrf_802154/nrf_802154/driver/libnrf-802154-driver.a(nrf_802154_core.c.obj)
                0x0000000001007ed8                nrf_802154_core_energy_detection
 .text.nrf_802154_core_modulated_carrier
                0x0000000001007f20       0x38 modules/nrfxlib/nrf_802154/nrf_802154/driver/libnrf-802154-driver.a(nrf_802154_core.c.obj)
                0x0000000001007f20                nrf_802154_core_modulated_carrier
 .text.nrf_802154_core_notify_buffer_free
                0x0000000001007f58       0x38 modules/nrfxlib/nrf_802154/nrf_802154/driver/libnrf-802154-driver.a(nrf_802154_core.c.obj)
                0x0000000001007f58                nrf_802154_core_notify_buffer_free
 .text.nrf_802154_core_channel_update
                0x0000000001007f90       0x64 modules/nrfxlib/nrf_802154/nrf_802154/driver/libnrf-802154-driver.a(nrf_802154_core.c.obj)
                0x0000000001007f90                nrf_802154_core_channel_update
 .text.nrf_802154_core_cca_cfg_update
                0x0000000001007ff4       0x20 modules/nrfxlib/nrf_802154/nrf_802154/driver/libnrf-802154-driver.a(nrf_802154_core.c.obj)
                0x0000000001007ff4                nrf_802154_core_cca_cfg_update
 .text.nrf_802154_core_rssi_measure
                0x0000000001008014       0x38 modules/nrfxlib/nrf_802154/nrf_802154/driver/libnrf-802154-driver.a(nrf_802154_core.c.obj)
                0x0000000001008014                nrf_802154_core_rssi_measure
 .text.nrf_802154_core_last_rssi_measurement_get
                0x000000000100804c       0x40 modules/nrfxlib/nrf_802154/nrf_802154/driver/libnrf-802154-driver.a(nrf_802154_core.c.obj)
                0x000000000100804c                nrf_802154_core_last_rssi_measurement_get
 .text.nrf_802154_core_antenna_update
                0x000000000100808c       0x20 modules/nrfxlib/nrf_802154/nrf_802154/driver/libnrf-802154-driver.a(nrf_802154_core.c.obj)
                0x000000000100808c                nrf_802154_core_antenna_update
 .text.nrf_802154_core_hooks_terminate
                0x00000000010080ac       0x28 modules/nrfxlib/nrf_802154/nrf_802154/driver/libnrf-802154-driver.a(nrf_802154_core_hooks.c.obj)
                0x00000000010080ac                nrf_802154_core_hooks_terminate
 .text.nrf_802154_core_hooks_tx_failed
                0x00000000010080d4       0x28 modules/nrfxlib/nrf_802154/nrf_802154/driver/libnrf-802154-driver.a(nrf_802154_core_hooks.c.obj)
                0x00000000010080d4                nrf_802154_core_hooks_tx_failed
 .text.nrf_802154_core_hooks_tx_started
                0x00000000010080fc       0x24 modules/nrfxlib/nrf_802154/nrf_802154/driver/libnrf-802154-driver.a(nrf_802154_core_hooks.c.obj)
                0x00000000010080fc                nrf_802154_core_hooks_tx_started
 .text.nrf_802154_critical_section_init
                0x0000000001008120       0x18 modules/nrfxlib/nrf_802154/nrf_802154/driver/libnrf-802154-driver.a(nrf_802154_critical_section.c.obj)
                0x0000000001008120                nrf_802154_critical_section_init
 .text.nrf_802154_critical_section_nesting_deny
                0x0000000001008138        0xc modules/nrfxlib/nrf_802154/nrf_802154/driver/libnrf-802154-driver.a(nrf_802154_critical_section.c.obj)
                0x0000000001008138                nrf_802154_critical_section_nesting_deny
 .text.nrf_802154_critical_section_active_vector_priority_get
                0x0000000001008144       0x1c modules/nrfxlib/nrf_802154/nrf_802154/driver/libnrf-802154-driver.a(nrf_802154_critical_section.c.obj)
                0x0000000001008144                nrf_802154_critical_section_active_vector_priority_get
 .text.critical_section_enter
                0x0000000001008160       0x74 modules/nrfxlib/nrf_802154/nrf_802154/driver/libnrf-802154-driver.a(nrf_802154_critical_section.c.obj)
 .text.nrf_802154_critical_section_exit
                0x00000000010081d4       0x5c modules/nrfxlib/nrf_802154/nrf_802154/driver/libnrf-802154-driver.a(nrf_802154_critical_section.c.obj)
                0x00000000010081d4                nrf_802154_critical_section_exit
 .text.nrf_802154_critical_section_nesting_allow
                0x0000000001008230       0x18 modules/nrfxlib/nrf_802154/nrf_802154/driver/libnrf-802154-driver.a(nrf_802154_critical_section.c.obj)
                0x0000000001008230                nrf_802154_critical_section_nesting_allow
 .text.nrf_802154_pib_init
                0x0000000001008248       0x4c modules/nrfxlib/nrf_802154/nrf_802154/driver/libnrf-802154-driver.a(nrf_802154_pib.c.obj)
                0x0000000001008248                nrf_802154_pib_init
 .text.nrf_802154_pib_promiscuous_get
                0x0000000001008294       0x10 modules/nrfxlib/nrf_802154/nrf_802154/driver/libnrf-802154-driver.a(nrf_802154_pib.c.obj)
                0x0000000001008294                nrf_802154_pib_promiscuous_get
 .text.nrf_802154_pib_promiscuous_set
                0x00000000010082a4       0x10 modules/nrfxlib/nrf_802154/nrf_802154/driver/libnrf-802154-driver.a(nrf_802154_pib.c.obj)
                0x00000000010082a4                nrf_802154_pib_promiscuous_set
 .text.nrf_802154_pib_auto_ack_get
                0x00000000010082b4       0x10 modules/nrfxlib/nrf_802154/nrf_802154/driver/libnrf-802154-driver.a(nrf_802154_pib.c.obj)
                0x00000000010082b4                nrf_802154_pib_auto_ack_get
 .text.nrf_802154_pib_pan_coord_get
                0x00000000010082c4       0x10 modules/nrfxlib/nrf_802154/nrf_802154/driver/libnrf-802154-driver.a(nrf_802154_pib.c.obj)
                0x00000000010082c4                nrf_802154_pib_pan_coord_get
 .text.nrf_802154_pib_pan_coord_set
                0x00000000010082d4       0x10 modules/nrfxlib/nrf_802154/nrf_802154/driver/libnrf-802154-driver.a(nrf_802154_pib.c.obj)
                0x00000000010082d4                nrf_802154_pib_pan_coord_set
 .text.nrf_802154_pib_channel_get
                0x00000000010082e4        0xc modules/nrfxlib/nrf_802154/nrf_802154/driver/libnrf-802154-driver.a(nrf_802154_pib.c.obj)
                0x00000000010082e4                nrf_802154_pib_channel_get
 .text.nrf_802154_pib_channel_set
                0x00000000010082f0       0x10 modules/nrfxlib/nrf_802154/nrf_802154/driver/libnrf-802154-driver.a(nrf_802154_pib.c.obj)
                0x00000000010082f0                nrf_802154_pib_channel_set
 .text.nrf_802154_pib_tx_power_get
                0x0000000001008300       0x60 modules/nrfxlib/nrf_802154/nrf_802154/driver/libnrf-802154-driver.a(nrf_802154_pib.c.obj)
                0x0000000001008300                nrf_802154_pib_tx_power_get
 .text.nrf_802154_pib_tx_power_set
                0x0000000001008360        0xc modules/nrfxlib/nrf_802154/nrf_802154/driver/libnrf-802154-driver.a(nrf_802154_pib.c.obj)
                0x0000000001008360                nrf_802154_pib_tx_power_set
 .text.nrf_802154_pib_pan_id_get
                0x000000000100836c        0x8 modules/nrfxlib/nrf_802154/nrf_802154/driver/libnrf-802154-driver.a(nrf_802154_pib.c.obj)
                0x000000000100836c                nrf_802154_pib_pan_id_get
 .text.nrf_802154_pib_pan_id_set
                0x0000000001008374       0x10 modules/nrfxlib/nrf_802154/nrf_802154/driver/libnrf-802154-driver.a(nrf_802154_pib.c.obj)
                0x0000000001008374                nrf_802154_pib_pan_id_set
 .text.nrf_802154_pib_extended_address_get
                0x0000000001008384        0x8 modules/nrfxlib/nrf_802154/nrf_802154/driver/libnrf-802154-driver.a(nrf_802154_pib.c.obj)
                0x0000000001008384                nrf_802154_pib_extended_address_get
 .text.nrf_802154_pib_extended_address_set
                0x000000000100838c       0x10 modules/nrfxlib/nrf_802154/nrf_802154/driver/libnrf-802154-driver.a(nrf_802154_pib.c.obj)
                0x000000000100838c                nrf_802154_pib_extended_address_set
 .text.nrf_802154_pib_short_address_get
                0x000000000100839c        0x8 modules/nrfxlib/nrf_802154/nrf_802154/driver/libnrf-802154-driver.a(nrf_802154_pib.c.obj)
                0x000000000100839c                nrf_802154_pib_short_address_get
 .text.nrf_802154_pib_short_address_set
                0x00000000010083a4       0x10 modules/nrfxlib/nrf_802154/nrf_802154/driver/libnrf-802154-driver.a(nrf_802154_pib.c.obj)
                0x00000000010083a4                nrf_802154_pib_short_address_set
 .text.nrf_802154_pib_cca_cfg_set
                0x00000000010083b4       0x3c modules/nrfxlib/nrf_802154/nrf_802154/driver/libnrf-802154-driver.a(nrf_802154_pib.c.obj)
                0x00000000010083b4                nrf_802154_pib_cca_cfg_set
 .text.nrf_802154_pib_cca_cfg_get
                0x00000000010083f0        0xc modules/nrfxlib/nrf_802154/nrf_802154/driver/libnrf-802154-driver.a(nrf_802154_pib.c.obj)
                0x00000000010083f0                nrf_802154_pib_cca_cfg_get
 .text.nrf_802154_pib_coex_rx_request_mode_get
                0x00000000010083fc        0xc modules/nrfxlib/nrf_802154/nrf_802154/driver/libnrf-802154-driver.a(nrf_802154_pib.c.obj)
                0x00000000010083fc                nrf_802154_pib_coex_rx_request_mode_get
 .text.nrf_802154_pib_coex_tx_request_mode_get
                0x0000000001008408        0xc modules/nrfxlib/nrf_802154/nrf_802154/driver/libnrf-802154-driver.a(nrf_802154_pib.c.obj)
                0x0000000001008408                nrf_802154_pib_coex_tx_request_mode_get
 .text.nrf_802154_pib_csmaca_min_be_get
                0x0000000001008414        0xc modules/nrfxlib/nrf_802154/nrf_802154/driver/libnrf-802154-driver.a(nrf_802154_pib.c.obj)
                0x0000000001008414                nrf_802154_pib_csmaca_min_be_get
 .text.nrf_802154_pib_csmaca_max_be_get
                0x0000000001008420        0xc modules/nrfxlib/nrf_802154/nrf_802154/driver/libnrf-802154-driver.a(nrf_802154_pib.c.obj)
                0x0000000001008420                nrf_802154_pib_csmaca_max_be_get
 .text.nrf_802154_pib_csmaca_max_backoffs_get
                0x000000000100842c        0xc modules/nrfxlib/nrf_802154/nrf_802154/driver/libnrf-802154-driver.a(nrf_802154_pib.c.obj)
                0x000000000100842c                nrf_802154_pib_csmaca_max_backoffs_get
 .text.nrf_802154_rssi_sample_temp_corr_value_get
                0x0000000001008438       0x50 modules/nrfxlib/nrf_802154/nrf_802154/driver/libnrf-802154-driver.a(nrf_802154_rssi.c.obj)
                0x0000000001008438                nrf_802154_rssi_sample_temp_corr_value_get
 .text.nrf_802154_rx_buffer_init
                0x0000000001008488       0x1c modules/nrfxlib/nrf_802154/nrf_802154/driver/libnrf-802154-driver.a(nrf_802154_rx_buffer.c.obj)
                0x0000000001008488                nrf_802154_rx_buffer_init
 .text.nrf_802154_rx_buffer_free_find
                0x00000000010084a4       0x24 modules/nrfxlib/nrf_802154/nrf_802154/driver/libnrf-802154-driver.a(nrf_802154_rx_buffer.c.obj)
                0x00000000010084a4                nrf_802154_rx_buffer_free_find
 .text.nrf_802154_swi_init
                0x00000000010084c8       0x28 modules/nrfxlib/nrf_802154/nrf_802154/driver/libnrf-802154-driver.a(nrf_802154_swi.c.obj)
                0x00000000010084c8                nrf_802154_swi_init
 .text.fem_for_lna_reset
                0x00000000010084f0       0x24 modules/nrfxlib/nrf_802154/nrf_802154/driver/libnrf-802154-driver.a(nrf_802154_trx.c.obj)
 .text.standalone_cca_finish
                0x0000000001008514       0x2c modules/nrfxlib/nrf_802154/nrf_802154/driver/libnrf-802154-driver.a(nrf_802154_trx.c.obj)
 .text.energy_detection_finish
                0x0000000001008540       0x2c modules/nrfxlib/nrf_802154/nrf_802154/driver/libnrf-802154-driver.a(nrf_802154_trx.c.obj)
 .text.trigger_disable_to_start_rampup
                0x000000000100856c       0x14 modules/nrfxlib/nrf_802154/nrf_802154/driver/libnrf-802154-driver.a(nrf_802154_trx.c.obj)
 .text.fem_for_tx_reset
                0x0000000001008580       0x2c modules/nrfxlib/nrf_802154/nrf_802154/driver/libnrf-802154-driver.a(nrf_802154_trx.c.obj)
 .text.txframe_finish
                0x00000000010085ac       0x38 modules/nrfxlib/nrf_802154/nrf_802154/driver/libnrf-802154-driver.a(nrf_802154_trx.c.obj)
 .text.rxframe_finish
                0x00000000010085e4       0x5c modules/nrfxlib/nrf_802154/nrf_802154/driver/libnrf-802154-driver.a(nrf_802154_trx.c.obj)
 .text.fem_for_pa_set
                0x0000000001008640       0x2c modules/nrfxlib/nrf_802154/nrf_802154/driver/libnrf-802154-driver.a(nrf_802154_trx.c.obj)
 .text.cca_configuration_update
                0x000000000100866c       0x38 modules/nrfxlib/nrf_802154/nrf_802154/driver/libnrf-802154-driver.a(nrf_802154_trx.c.obj)
 .text.channel_set
                0x00000000010086a4       0x28 modules/nrfxlib/nrf_802154/nrf_802154/driver/libnrf-802154-driver.a(nrf_802154_trx.c.obj)
 .text.fem_for_lna_set
                0x00000000010086cc       0x2c modules/nrfxlib/nrf_802154/nrf_802154/driver/libnrf-802154-driver.a(nrf_802154_trx.c.obj)
 .text.rxack_finish
                0x00000000010086f8       0x48 modules/nrfxlib/nrf_802154/nrf_802154/driver/libnrf-802154-driver.a(nrf_802154_trx.c.obj)
 .text.rx_flags_clear
                0x0000000001008740       0x10 modules/nrfxlib/nrf_802154/nrf_802154/driver/libnrf-802154-driver.a(nrf_802154_trx.c.obj)
                0x0000000001008740                rx_flags_clear
 .text.nrf_timer_init
                0x0000000001008750       0x30 modules/nrfxlib/nrf_802154/nrf_802154/driver/libnrf-802154-driver.a(nrf_802154_trx.c.obj)
                0x0000000001008750                nrf_timer_init
 .text.nrf_802154_trx_module_reset
                0x0000000001008780       0x30 modules/nrfxlib/nrf_802154/nrf_802154/driver/libnrf-802154-driver.a(nrf_802154_trx.c.obj)
                0x0000000001008780                nrf_802154_trx_module_reset
 .text.nrf_802154_trx_enable
                0x00000000010087b0      0x104 modules/nrfxlib/nrf_802154/nrf_802154/driver/libnrf-802154-driver.a(nrf_802154_trx.c.obj)
                0x00000000010087b0                nrf_802154_trx_enable
 .text.nrf_802154_trx_disable
                0x00000000010088b4       0xcc modules/nrfxlib/nrf_802154/nrf_802154/driver/libnrf-802154-driver.a(nrf_802154_trx.c.obj)
                0x00000000010088b4                nrf_802154_trx_disable
 .text.nrf_802154_trx_antenna_update
                0x0000000001008980       0x68 modules/nrfxlib/nrf_802154/nrf_802154/driver/libnrf-802154-driver.a(nrf_802154_trx.c.obj)
                0x0000000001008980                nrf_802154_trx_antenna_update
 .text.nrf_802154_trx_psdu_is_being_received
                0x00000000010089e8        0xc modules/nrfxlib/nrf_802154/nrf_802154/driver/libnrf-802154-driver.a(nrf_802154_trx.c.obj)
                0x00000000010089e8                nrf_802154_trx_psdu_is_being_received
 .text.nrf_802154_trx_receive_is_buffer_missing
                0x00000000010089f4       0x20 modules/nrfxlib/nrf_802154/nrf_802154/driver/libnrf-802154-driver.a(nrf_802154_trx.c.obj)
                0x00000000010089f4                nrf_802154_trx_receive_is_buffer_missing
 .text.nrf_802154_trx_receive_buffer_set
                0x0000000001008a14       0x5c modules/nrfxlib/nrf_802154/nrf_802154/driver/libnrf-802154-driver.a(nrf_802154_trx.c.obj)
                0x0000000001008a14                nrf_802154_trx_receive_buffer_set
 .text.nrf_802154_trx_receive_frame
                0x0000000001008a70      0x118 modules/nrfxlib/nrf_802154/nrf_802154/driver/libnrf-802154-driver.a(nrf_802154_trx.c.obj)
                0x0000000001008a70                nrf_802154_trx_receive_frame
 .text.nrf_802154_trx_receive_ack
                0x0000000001008b88       0x78 modules/nrfxlib/nrf_802154/nrf_802154/driver/libnrf-802154-driver.a(nrf_802154_trx.c.obj)
                0x0000000001008b88                nrf_802154_trx_receive_ack
 .text.nrf_802154_trx_rssi_measure
                0x0000000001008c00       0x58 modules/nrfxlib/nrf_802154/nrf_802154/driver/libnrf-802154-driver.a(nrf_802154_trx.c.obj)
                0x0000000001008c00                nrf_802154_trx_rssi_measure
 .text.nrf_802154_trx_rssi_measure_is_started
                0x0000000001008c58        0xc modules/nrfxlib/nrf_802154/nrf_802154/driver/libnrf-802154-driver.a(nrf_802154_trx.c.obj)
                0x0000000001008c58                nrf_802154_trx_rssi_measure_is_started
 .text.nrf_802154_trx_rssi_last_sample_get
                0x0000000001008c64       0x10 modules/nrfxlib/nrf_802154/nrf_802154/driver/libnrf-802154-driver.a(nrf_802154_trx.c.obj)
                0x0000000001008c64                nrf_802154_trx_rssi_last_sample_get
 .text.nrf_802154_trx_rssi_sample_is_available
                0x0000000001008c74       0x14 modules/nrfxlib/nrf_802154/nrf_802154/driver/libnrf-802154-driver.a(nrf_802154_trx.c.obj)
                0x0000000001008c74                nrf_802154_trx_rssi_sample_is_available
 .text.nrf_802154_trx_transmit_frame
                0x0000000001008c88      0x110 modules/nrfxlib/nrf_802154/nrf_802154/driver/libnrf-802154-driver.a(nrf_802154_trx.c.obj)
                0x0000000001008c88                nrf_802154_trx_transmit_frame
 .text.nrf_802154_trx_transmit_ack
                0x0000000001008d98       0xf4 modules/nrfxlib/nrf_802154/nrf_802154/driver/libnrf-802154-driver.a(nrf_802154_trx.c.obj)
                0x0000000001008d98                nrf_802154_trx_transmit_ack
 .text.nrf_802154_trx_abort
                0x0000000001008e8c      0x170 modules/nrfxlib/nrf_802154/nrf_802154/driver/libnrf-802154-driver.a(nrf_802154_trx.c.obj)
                0x0000000001008e8c                nrf_802154_trx_abort
 .text.nrf_802154_trx_go_idle
                0x0000000001008ffc       0x44 modules/nrfxlib/nrf_802154/nrf_802154/driver/libnrf-802154-driver.a(nrf_802154_trx.c.obj)
                0x0000000001008ffc                nrf_802154_trx_go_idle
 .text.nrf_802154_trx_standalone_cca
                0x0000000001009040       0x4c modules/nrfxlib/nrf_802154/nrf_802154/driver/libnrf-802154-driver.a(nrf_802154_trx.c.obj)
                0x0000000001009040                nrf_802154_trx_standalone_cca
 .text.nrf_802154_trx_continuous_carrier
                0x000000000100908c       0x34 modules/nrfxlib/nrf_802154/nrf_802154/driver/libnrf-802154-driver.a(nrf_802154_trx.c.obj)
                0x000000000100908c                nrf_802154_trx_continuous_carrier
 .text.nrf_802154_trx_continuous_carrier_restart
                0x00000000010090c0        0xc modules/nrfxlib/nrf_802154/nrf_802154/driver/libnrf-802154-driver.a(nrf_802154_trx.c.obj)
                0x00000000010090c0                nrf_802154_trx_continuous_carrier_restart
 .text.nrf_802154_trx_modulated_carrier
                0x00000000010090cc       0x40 modules/nrfxlib/nrf_802154/nrf_802154/driver/libnrf-802154-driver.a(nrf_802154_trx.c.obj)
                0x00000000010090cc                nrf_802154_trx_modulated_carrier
 .text.nrf_802154_trx_modulated_carrier_restart
                0x000000000100910c        0xc modules/nrfxlib/nrf_802154/nrf_802154/driver/libnrf-802154-driver.a(nrf_802154_trx.c.obj)
                0x000000000100910c                nrf_802154_trx_modulated_carrier_restart
 .text.nrf_802154_trx_energy_detection
                0x0000000001009118       0x4c modules/nrfxlib/nrf_802154/nrf_802154/driver/libnrf-802154-driver.a(nrf_802154_trx.c.obj)
                0x0000000001009118                nrf_802154_trx_energy_detection
 .text.nrf_802154_radio_irq_handler
                0x0000000001009164      0x308 modules/nrfxlib/nrf_802154/nrf_802154/driver/libnrf-802154-driver.a(nrf_802154_trx.c.obj)
                0x0000000001009164                nrf_802154_radio_irq_handler
 .text.nrf_802154_trx_swi_irq_handler
                0x000000000100946c       0x34 modules/nrfxlib/nrf_802154/nrf_802154/driver/libnrf-802154-driver.a(nrf_802154_trx.c.obj)
                0x000000000100946c                nrf_802154_trx_swi_irq_handler
 .text.nrf_802154_trx_ppi_for_enable
                0x00000000010094a0       0x3c modules/nrfxlib/nrf_802154/nrf_802154/driver/libnrf-802154-driver.a(nrf_802154_trx_dppi.c.obj)
                0x00000000010094a0                nrf_802154_trx_ppi_for_enable
 .text.nrf_802154_trx_ppi_for_disable
                0x00000000010094dc       0x30 modules/nrfxlib/nrf_802154/nrf_802154/driver/libnrf-802154-driver.a(nrf_802154_trx_dppi.c.obj)
                0x00000000010094dc                nrf_802154_trx_ppi_for_disable
 .text.nrf_802154_trx_ppi_for_ramp_up_set
                0x000000000100950c       0x5c modules/nrfxlib/nrf_802154/nrf_802154/driver/libnrf-802154-driver.a(nrf_802154_trx_dppi.c.obj)
                0x000000000100950c                nrf_802154_trx_ppi_for_ramp_up_set
 .text.nrf_802154_trx_ppi_for_ramp_up_clear
                0x0000000001009568       0x44 modules/nrfxlib/nrf_802154/nrf_802154/driver/libnrf-802154-driver.a(nrf_802154_trx_dppi.c.obj)
                0x0000000001009568                nrf_802154_trx_ppi_for_ramp_up_clear
 .text.nrf_802154_trx_ppi_for_ramp_up_was_triggered
                0x00000000010095ac       0x2c modules/nrfxlib/nrf_802154/nrf_802154/driver/libnrf-802154-driver.a(nrf_802154_trx_dppi.c.obj)
                0x00000000010095ac                nrf_802154_trx_ppi_for_ramp_up_was_triggered
 .text.nrf_802154_trx_ppi_for_ack_tx_set
                0x00000000010095d8       0x28 modules/nrfxlib/nrf_802154/nrf_802154/driver/libnrf-802154-driver.a(nrf_802154_trx_dppi.c.obj)
                0x00000000010095d8                nrf_802154_trx_ppi_for_ack_tx_set
 .text.nrf_802154_trx_ppi_for_ack_tx_clear
                0x0000000001009600       0x24 modules/nrfxlib/nrf_802154/nrf_802154/driver/libnrf-802154-driver.a(nrf_802154_trx_dppi.c.obj)
                0x0000000001009600                nrf_802154_trx_ppi_for_ack_tx_clear
 .text.nrf_802154_trx_ppi_for_fem_set
                0x0000000001009624       0x14 modules/nrfxlib/nrf_802154/nrf_802154/driver/libnrf-802154-driver.a(nrf_802154_trx_dppi.c.obj)
                0x0000000001009624                nrf_802154_trx_ppi_for_fem_set
 .text.nrf_802154_trx_ppi_for_fem_clear
                0x0000000001009638       0x10 modules/nrfxlib/nrf_802154/nrf_802154/driver/libnrf-802154-driver.a(nrf_802154_trx_dppi.c.obj)
                0x0000000001009638                nrf_802154_trx_ppi_for_fem_clear
 .text.nrf_802154_trx_ppi_for_radio_sync_set
                0x0000000001009648       0x28 modules/nrfxlib/nrf_802154/nrf_802154/driver/libnrf-802154-driver.a(nrf_802154_trx_dppi.c.obj)
                0x0000000001009648                nrf_802154_trx_ppi_for_radio_sync_set
 .text.nrf_802154_trx_ppi_for_radio_sync_clear
                0x0000000001009670       0x24 modules/nrfxlib/nrf_802154/nrf_802154/driver/libnrf-802154-driver.a(nrf_802154_trx_dppi.c.obj)
                0x0000000001009670                nrf_802154_trx_ppi_for_radio_sync_clear
 .text.nrf_802154_tx_work_buffer_reset
                0x0000000001009694       0x30 modules/nrfxlib/nrf_802154/nrf_802154/driver/libnrf-802154-driver.a(nrf_802154_tx_work_buffer.c.obj)
                0x0000000001009694                nrf_802154_tx_work_buffer_reset
 .text.nrf_802154_tx_work_buffer_get
                0x00000000010096c4       0x18 modules/nrfxlib/nrf_802154/nrf_802154/driver/libnrf-802154-driver.a(nrf_802154_tx_work_buffer.c.obj)
                0x00000000010096c4                nrf_802154_tx_work_buffer_get
 .text.nrf_802154_tx_work_buffer_original_frame_update
                0x00000000010096dc       0x50 modules/nrfxlib/nrf_802154/nrf_802154/driver/libnrf-802154-driver.a(nrf_802154_tx_work_buffer.c.obj)
                0x00000000010096dc                nrf_802154_tx_work_buffer_original_frame_update
 .text.random_backoff_start
                0x000000000100972c       0x8c modules/nrfxlib/nrf_802154/nrf_802154/driver/libnrf-802154-driver.a(nrf_802154_csma_ca.c.obj)
 .text.procedure_stop
                0x00000000010097b8       0x1c modules/nrfxlib/nrf_802154/nrf_802154/driver/libnrf-802154-driver.a(nrf_802154_csma_ca.c.obj)
 .text.notify_busy_channel
                0x00000000010097d4       0x28 modules/nrfxlib/nrf_802154/nrf_802154/driver/libnrf-802154-driver.a(nrf_802154_csma_ca.c.obj)
 .text.channel_busy.part.0
                0x00000000010097fc       0x3c modules/nrfxlib/nrf_802154/nrf_802154/driver/libnrf-802154-driver.a(nrf_802154_csma_ca.c.obj)
 .text.frame_transmit
                0x0000000001009838       0x68 modules/nrfxlib/nrf_802154/nrf_802154/driver/libnrf-802154-driver.a(nrf_802154_csma_ca.c.obj)
 .text.nrf_802154_csma_ca_start
                0x00000000010098a0       0x3c modules/nrfxlib/nrf_802154/nrf_802154/driver/libnrf-802154-driver.a(nrf_802154_csma_ca.c.obj)
                0x00000000010098a0                nrf_802154_csma_ca_start
 .text.nrf_802154_csma_ca_abort
                0x00000000010098dc       0x20 modules/nrfxlib/nrf_802154/nrf_802154/driver/libnrf-802154-driver.a(nrf_802154_csma_ca.c.obj)
                0x00000000010098dc                nrf_802154_csma_ca_abort
 .text.nrf_802154_csma_ca_tx_failed_hook
                0x00000000010098fc       0x30 modules/nrfxlib/nrf_802154/nrf_802154/driver/libnrf-802154-driver.a(nrf_802154_csma_ca.c.obj)
                0x00000000010098fc                nrf_802154_csma_ca_tx_failed_hook
 .text.nrf_802154_csma_ca_tx_started_hook
                0x000000000100992c       0x18 modules/nrfxlib/nrf_802154/nrf_802154/driver/libnrf-802154-driver.a(nrf_802154_csma_ca.c.obj)
                0x000000000100992c                nrf_802154_csma_ca_tx_started_hook
 .text.nrf_802154_filter_frame_part
                0x0000000001009944      0x190 modules/nrfxlib/nrf_802154/nrf_802154/driver/libnrf-802154-driver.a(nrf_802154_filter.c.obj)
                0x0000000001009944                nrf_802154_filter_frame_part
 .text.parse_state_advance
                0x0000000001009ad4      0x25c modules/nrfxlib/nrf_802154/nrf_802154/driver/libnrf-802154-driver.a(nrf_802154_frame_parser.c.obj)
 .text.nrf_802154_security_pib_init
                0x0000000001009d30       0x18 modules/nrfxlib/nrf_802154/nrf_802154/driver/libnrf-802154-driver.a(nrf_802154_security_pib_ram.c.obj)
                0x0000000001009d30                nrf_802154_security_pib_init
 .text.nrf_802154_security_pib_frame_counter_get_next
                0x0000000001009d48       0x70 modules/nrfxlib/nrf_802154/nrf_802154/driver/libnrf-802154-driver.a(nrf_802154_security_pib_ram.c.obj)
                0x0000000001009d48                nrf_802154_security_pib_frame_counter_get_next
 .text.timeout_timer_stop
                0x0000000001009db8       0x18 modules/nrfxlib/nrf_802154/nrf_802154/driver/libnrf-802154-driver.a(nrf_802154_precise_ack_timeout.c.obj)
 .text.timeout_timer_fired
                0x0000000001009dd0       0x48 modules/nrfxlib/nrf_802154/nrf_802154/driver/libnrf-802154-driver.a(nrf_802154_precise_ack_timeout.c.obj)
 .text.notify_tx_error
                0x0000000001009e18       0x14 modules/nrfxlib/nrf_802154/nrf_802154/driver/libnrf-802154-driver.a(nrf_802154_precise_ack_timeout.c.obj)
 .text.nrf_802154_ack_timeout_tx_started_hook
                0x0000000001009e2c       0x50 modules/nrfxlib/nrf_802154/nrf_802154/driver/libnrf-802154-driver.a(nrf_802154_precise_ack_timeout.c.obj)
                0x0000000001009e2c                nrf_802154_ack_timeout_tx_started_hook
 .text.nrf_802154_ack_timeout_abort
                0x0000000001009e7c       0x28 modules/nrfxlib/nrf_802154/nrf_802154/driver/libnrf-802154-driver.a(nrf_802154_precise_ack_timeout.c.obj)
                0x0000000001009e7c                nrf_802154_ack_timeout_abort
 .text.addr_index_find
                0x0000000001009ea4       0xb8 modules/nrfxlib/nrf_802154/nrf_802154/driver/libnrf-802154-driver.a(nrf_802154_ack_data.c.obj)
 .text.nrf_802154_ack_data_init
                0x0000000001009f5c       0x34 modules/nrfxlib/nrf_802154/nrf_802154/driver/libnrf-802154-driver.a(nrf_802154_ack_data.c.obj)
                0x0000000001009f5c                nrf_802154_ack_data_init
 .text.nrf_802154_ack_data_enable
                0x0000000001009f90        0xc modules/nrfxlib/nrf_802154/nrf_802154/driver/libnrf-802154-driver.a(nrf_802154_ack_data.c.obj)
                0x0000000001009f90                nrf_802154_ack_data_enable
 .text.nrf_802154_ack_data_for_addr_set
                0x0000000001009f9c       0xf0 modules/nrfxlib/nrf_802154/nrf_802154/driver/libnrf-802154-driver.a(nrf_802154_ack_data.c.obj)
                0x0000000001009f9c                nrf_802154_ack_data_for_addr_set
 .text.nrf_802154_ack_data_for_addr_clear
                0x000000000100a08c       0x84 modules/nrfxlib/nrf_802154/nrf_802154/driver/libnrf-802154-driver.a(nrf_802154_ack_data.c.obj)
                0x000000000100a08c                nrf_802154_ack_data_for_addr_clear
 .text.nrf_802154_ack_data_reset
                0x000000000100a110       0x34 modules/nrfxlib/nrf_802154/nrf_802154/driver/libnrf-802154-driver.a(nrf_802154_ack_data.c.obj)
                0x000000000100a110                nrf_802154_ack_data_reset
 .text.nrf_802154_ack_data_src_addr_matching_method_set
                0x000000000100a144       0x10 modules/nrfxlib/nrf_802154/nrf_802154/driver/libnrf-802154-driver.a(nrf_802154_ack_data.c.obj)
                0x000000000100a144                nrf_802154_ack_data_src_addr_matching_method_set
 .text.nrf_802154_ack_data_pending_bit_should_be_set
                0x000000000100a154       0xa4 modules/nrfxlib/nrf_802154/nrf_802154/driver/libnrf-802154-driver.a(nrf_802154_ack_data.c.obj)
                0x000000000100a154                nrf_802154_ack_data_pending_bit_should_be_set
 .text.nrf_802154_ack_data_ie_get